20241202 19:28:08.017919 UTC 4219643 DEBUG [getItem] GET key_1 value_not_found Mon Dec  2 13:28:08 2024
 - duplcont.cc:41
20241202 19:28:08.018689 UTC 4219643 DEBUG [putItem] PUT key_1 value_1 Mon Dec  2 13:28:08 2024
 - duplcont.cc:86
20241202 19:28:08.018713 UTC 4219643 DEBUG [putItem] PUT key_0 value_0 Mon Dec  2 13:28:08 2024
 - duplcont.cc:86
20241202 19:28:08.018729 UTC 4219643 DEBUG [getItem] GET key_0 value_0 Mon Dec  2 13:28:08 2024
 - duplcont.cc:30
20241202 19:28:08.023381 UTC 4219643 DEBUG [getItem] GET key_6 value_not_found Mon Dec  2 13:28:08 2024
 - duplcont.cc:41
20241202 19:28:08.023677 UTC 4219643 DEBUG [getItem] GET key_9 value_not_found Mon Dec  2 13:28:08 2024
 - duplcont.cc:41
20241202 19:28:08.023892 UTC 4219643 DEBUG [putItem] PUT key_9 value_9 Mon Dec  2 13:28:08 2024
 - duplcont.cc:86
20241202 19:28:08.024312 UTC 4219643 DEBUG [putItem] PUT key_6 value_6 Mon Dec  2 13:28:08 2024
 - duplcont.cc:86
20241202 19:28:08.026740 UTC 4219643 DEBUG [getItem] GET key_11 value_not_found Mon Dec  2 13:28:08 2024
 - duplcont.cc:41
20241202 19:28:08.027785 UTC 4219643 DEBUG [getItem] GET key_13 value_not_found Mon Dec  2 13:28:08 2024
 - duplcont.cc:41
20241202 19:28:08.027807 UTC 4219643 DEBUG [putItem] PUT key_11 value_11 Mon Dec  2 13:28:08 2024
 - duplcont.cc:86
20241202 19:28:08.028135 UTC 4219643 DEBUG [putItem] PUT key_14 value_14 Mon Dec  2 13:28:08 2024
 - duplcont.cc:86
20241202 19:28:08.028902 UTC 4219643 DEBUG [getItem] GET key_14 value_14 Mon Dec  2 13:28:08 2024
 - duplcont.cc:30
20241202 19:28:08.029215 UTC 4219643 DEBUG [putItem] PUT key_13 value_13 Mon Dec  2 13:28:08 2024
 - duplcont.cc:86
20241202 19:28:08.034481 UTC 4219643 DEBUG [getItem] GET key_19 value_not_found Mon Dec  2 13:28:08 2024
 - duplcont.cc:41
20241202 19:28:08.034643 UTC 4219643 DEBUG [putItem] PUT key_19 value_19 Mon Dec  2 13:28:08 2024
 - duplcont.cc:86
20241202 19:28:08.035222 UTC 4219643 DEBUG [getItem] GET key_20 value_not_found Mon Dec  2 13:28:08 2024
 - duplcont.cc:41
20241202 19:28:08.037260 UTC 4219643 DEBUG [putItem] PUT key_20 value_20 Mon Dec  2 13:28:08 2024
 - duplcont.cc:86
20241202 19:28:08.037368 UTC 4219643 DEBUG [putItem] PUT key_24 value_24 Mon Dec  2 13:28:08 2024
 - duplcont.cc:86
20241202 19:28:08.037960 UTC 4219643 DEBUG [getItem] GET key_24 value_24 Mon Dec  2 13:28:08 2024
 - duplcont.cc:30
20241202 19:28:08.038943 UTC 4219643 DEBUG [putItem] PUT key_23 value_23 Mon Dec  2 13:28:08 2024
 - duplcont.cc:86
20241202 19:28:08.039883 UTC 4219643 DEBUG [getItem] GET key_23 value_23 Mon Dec  2 13:28:08 2024
 - duplcont.cc:30
20241202 19:28:08.040623 UTC 4219643 DEBUG [getItem] GET key_27 value_not_found Mon Dec  2 13:28:08 2024
 - duplcont.cc:41
20241202 19:28:08.041704 UTC 4219643 DEBUG [putItem] PUT key_27 value_27 Mon Dec  2 13:28:08 2024
 - duplcont.cc:86
20241202 19:28:08.045276 UTC 4219643 DEBUG [getItem] GET key_33 value_not_found Mon Dec  2 13:28:08 2024
 - duplcont.cc:41
20241202 19:28:08.047144 UTC 4219643 DEBUG [putItem] PUT key_33 value_33 Mon Dec  2 13:28:08 2024
 - duplcont.cc:86
20241202 19:28:08.047638 UTC 4219643 DEBUG [putItem] PUT key_34 value_34 Mon Dec  2 13:28:08 2024
 - duplcont.cc:86
20241202 19:28:08.047881 UTC 4219643 DEBUG [getItem] GET key_34 value_34 Mon Dec  2 13:28:08 2024
 - duplcont.cc:30
20241202 19:28:08.052780 UTC 4219643 DEBUG [getItem] GET key_39 value_not_found Mon Dec  2 13:28:08 2024
 - duplcont.cc:41
20241202 19:28:08.053327 UTC 4219643 DEBUG [putItem] PUT key_42 value_42 Mon Dec  2 13:28:08 2024
 - duplcont.cc:86
20241202 19:28:08.053385 UTC 4219643 DEBUG [putItem] PUT key_39 value_39 Mon Dec  2 13:28:08 2024
 - duplcont.cc:86
20241202 19:28:08.054437 UTC 4219643 DEBUG [putItem] PUT key_43 value_43 Mon Dec  2 13:28:08 2024
 - duplcont.cc:86
20241202 19:28:08.054721 UTC 4219643 DEBUG [getItem] GET key_42 value_42 Mon Dec  2 13:28:08 2024
 - duplcont.cc:30
20241202 19:28:08.056499 UTC 4219643 DEBUG [getItem] GET key_46 value_not_found Mon Dec  2 13:28:08 2024
 - duplcont.cc:41
20241202 19:28:08.056640 UTC 4219643 DEBUG [putItem] PUT key_46 value_46 Mon Dec  2 13:28:08 2024
 - duplcont.cc:86
20241202 19:28:08.058516 UTC 4219643 DEBUG [getItem] GET key_43 value_43 Mon Dec  2 13:28:08 2024
 - duplcont.cc:30
20241202 19:28:08.060805 UTC 4219643 DEBUG [getItem] GET key_51 value_not_found Mon Dec  2 13:28:08 2024
 - duplcont.cc:41
20241202 19:28:08.061056 UTC 4219643 DEBUG [putItem] PUT key_51 value_51 Mon Dec  2 13:28:08 2024
 - duplcont.cc:86
20241202 19:28:08.061182 UTC 4219643 DEBUG [getItem] GET key_49 value_not_found Mon Dec  2 13:28:08 2024
 - duplcont.cc:41
20241202 19:28:08.062808 UTC 4219643 DEBUG [putItem] PUT key_49 value_49 Mon Dec  2 13:28:08 2024
 - duplcont.cc:86
20241202 19:28:08.066643 UTC 4219643 DEBUG [putItem] PUT key_57 value_57 Mon Dec  2 13:28:08 2024
 - duplcont.cc:86
20241202 19:28:08.066661 UTC 4219643 DEBUG [getItem] GET key_57 value_57 Mon Dec  2 13:28:08 2024
 - duplcont.cc:30
20241202 19:28:08.068983 UTC 4219643 DEBUG [putItem] PUT key_58 value_58 Mon Dec  2 13:28:08 2024
 - duplcont.cc:86
20241202 19:28:08.069213 UTC 4219643 DEBUG [getItem] GET key_58 value_58 Mon Dec  2 13:28:08 2024
 - duplcont.cc:30
20241202 19:28:08.069639 UTC 4219643 DEBUG [putItem] PUT key_59 value_59 Mon Dec  2 13:28:08 2024
 - duplcont.cc:86
20241202 19:28:08.071126 UTC 4219643 DEBUG [putItem] PUT key_63 value_63 Mon Dec  2 13:28:08 2024
 - duplcont.cc:86
20241202 19:28:08.071225 UTC 4219643 DEBUG [getItem] GET key_61 value_not_found Mon Dec  2 13:28:08 2024
 - duplcont.cc:41
20241202 19:28:08.071493 UTC 4219643 DEBUG [putItem] PUT key_64 value_64 Mon Dec  2 13:28:08 2024
 - duplcont.cc:86
20241202 19:28:08.072076 UTC 4219643 DEBUG [putItem] PUT key_61 value_61 Mon Dec  2 13:28:08 2024
 - duplcont.cc:86
20241202 19:28:08.072217 UTC 4219643 DEBUG [getItem] GET key_59 value_59 Mon Dec  2 13:28:08 2024
 - duplcont.cc:30
20241202 19:28:08.074224 UTC 4219643 DEBUG [getItem] GET key_64 value_64 Mon Dec  2 13:28:08 2024
 - duplcont.cc:30
20241202 19:28:08.074376 UTC 4219643 DEBUG [getItem] GET key_63 value_63 Mon Dec  2 13:28:08 2024
 - duplcont.cc:30
20241202 19:28:08.077086 UTC 4219643 DEBUG [putItem] PUT key_69 value_69 Mon Dec  2 13:28:08 2024
 - duplcont.cc:86
20241202 19:28:08.079243 UTC 4219643 DEBUG [putItem] PUT key_71 value_71 Mon Dec  2 13:28:08 2024
 - duplcont.cc:86
20241202 19:28:08.079427 UTC 4219643 DEBUG [getItem] GET key_69 value_69 Mon Dec  2 13:28:08 2024
 - duplcont.cc:30
20241202 19:28:08.080176 UTC 4219643 DEBUG [putItem] PUT key_70 value_70 Mon Dec  2 13:28:08 2024
 - duplcont.cc:86
20241202 19:28:08.080697 UTC 4219643 DEBUG [getItem] GET key_70 value_70 Mon Dec  2 13:28:08 2024
 - duplcont.cc:30
20241202 19:28:08.080990 UTC 4219643 DEBUG [getItem] GET key_71 value_71 Mon Dec  2 13:28:08 2024
 - duplcont.cc:30
20241202 19:28:08.083715 UTC 4219643 DEBUG [getItem] GET key_76 value_not_found Mon Dec  2 13:28:08 2024
 - duplcont.cc:41
20241202 19:28:08.083819 UTC 4219643 DEBUG [putItem] PUT key_75 value_75 Mon Dec  2 13:28:08 2024
 - duplcont.cc:86
20241202 19:28:08.084425 UTC 4219643 DEBUG [putItem] PUT key_76 value_76 Mon Dec  2 13:28:08 2024
 - duplcont.cc:86
20241202 19:28:08.084527 UTC 4219643 DEBUG [getItem] GET key_74 value_not_found Mon Dec  2 13:28:08 2024
 - duplcont.cc:41
20241202 19:28:08.085441 UTC 4219643 DEBUG [putItem] PUT key_74 value_74 Mon Dec  2 13:28:08 2024
 - duplcont.cc:86
20241202 19:28:08.085460 UTC 4219643 DEBUG [getItem] GET key_75 value_75 Mon Dec  2 13:28:08 2024
 - duplcont.cc:30
20241202 19:28:08.085707 UTC 4219643 DEBUG [putItem] PUT key_79 value_79 Mon Dec  2 13:28:08 2024
 - duplcont.cc:86
20241202 19:28:08.088194 UTC 4219643 DEBUG [putItem] PUT key_81 value_81 Mon Dec  2 13:28:08 2024
 - duplcont.cc:86
20241202 19:28:08.088757 UTC 4219643 DEBUG [getItem] GET key_79 value_79 Mon Dec  2 13:28:08 2024
 - duplcont.cc:30
20241202 19:28:08.088889 UTC 4219643 DEBUG [getItem] GET key_81 value_81 Mon Dec  2 13:28:08 2024
 - duplcont.cc:30
20241202 19:28:08.090706 UTC 4219643 DEBUG [putItem] PUT key_84 value_84 Mon Dec  2 13:28:08 2024
 - duplcont.cc:86
20241202 19:28:08.093832 UTC 4219643 DEBUG [getItem] GET key_84 value_84 Mon Dec  2 13:28:08 2024
 - duplcont.cc:30
20241202 19:28:08.098274 UTC 4219643 DEBUG [getItem] GET key_91 value_not_found Mon Dec  2 13:28:08 2024
 - duplcont.cc:41
20241202 19:28:08.098595 UTC 4219643 DEBUG [putItem] PUT key_92 value_92 Mon Dec  2 13:28:08 2024
 - duplcont.cc:86
20241202 19:28:08.098939 UTC 4219643 DEBUG [getItem] GET key_92 value_92 Mon Dec  2 13:28:08 2024
 - duplcont.cc:30
20241202 19:28:08.099807 UTC 4219643 DEBUG [getItem] GET key_94 value_not_found Mon Dec  2 13:28:08 2024
 - duplcont.cc:41
20241202 19:28:08.100068 UTC 4219643 DEBUG [putItem] PUT key_95 value_95 Mon Dec  2 13:28:08 2024
 - duplcont.cc:86
20241202 19:28:08.101843 UTC 4219643 DEBUG [putItem] PUT key_91 value_91 Mon Dec  2 13:28:08 2024
 - duplcont.cc:86
20241202 19:28:08.102205 UTC 4219643 DEBUG [getItem] GET key_96 value_not_found Mon Dec  2 13:28:08 2024
 - duplcont.cc:41
20241202 19:28:08.103005 UTC 4219643 DEBUG [getItem] GET key_95 value_95 Mon Dec  2 13:28:08 2024
 - duplcont.cc:30
20241202 19:28:08.103238 UTC 4219643 DEBUG [putItem] PUT key_94 value_94 Mon Dec  2 13:28:08 2024
 - duplcont.cc:86
20241202 19:28:08.103506 UTC 4219643 DEBUG [putItem] PUT key_96 value_96 Mon Dec  2 13:28:08 2024
 - duplcont.cc:86
20241202 19:28:08.104799 UTC 4219643 DEBUG [getItem] GET key_100 value_not_found Mon Dec  2 13:28:08 2024
 - duplcont.cc:41
20241202 19:28:08.105717 UTC 4219643 DEBUG [putItem] PUT key_100 value_100 Mon Dec  2 13:28:08 2024
 - duplcont.cc:86
20241202 19:28:08.105918 UTC 4219643 DEBUG [putItem] PUT key_102 value_102 Mon Dec  2 13:28:08 2024
 - duplcont.cc:86
20241202 19:28:08.106521 UTC 4219643 DEBUG [putItem] PUT key_101 value_101 Mon Dec  2 13:28:08 2024
 - duplcont.cc:86
20241202 19:28:08.107265 UTC 4219643 DEBUG [getItem] GET key_101 value_101 Mon Dec  2 13:28:08 2024
 - duplcont.cc:30
20241202 19:28:08.108319 UTC 4219643 DEBUG [getItem] GET key_102 value_102 Mon Dec  2 13:28:08 2024
 - duplcont.cc:30
20241202 19:28:08.111551 UTC 4219643 DEBUG [putItem] PUT key_105 value_105 Mon Dec  2 13:28:08 2024
 - duplcont.cc:86
20241202 19:28:08.113100 UTC 4219643 DEBUG [getItem] GET key_107 value_not_found Mon Dec  2 13:28:08 2024
 - duplcont.cc:41
20241202 19:28:08.113396 UTC 4219643 DEBUG [putItem] PUT key_107 value_107 Mon Dec  2 13:28:08 2024
 - duplcont.cc:86
20241202 19:28:08.113870 UTC 4219643 DEBUG [getItem] GET key_105 value_105 Mon Dec  2 13:28:08 2024
 - duplcont.cc:30
20241202 19:28:08.113982 UTC 4219643 DEBUG [putItem] PUT key_109 value_109 Mon Dec  2 13:28:08 2024
 - duplcont.cc:86
20241202 19:28:08.114074 UTC 4219643 DEBUG [getItem] GET key_110 value_not_found Mon Dec  2 13:28:08 2024
 - duplcont.cc:41
20241202 19:28:08.114663 UTC 4219643 DEBUG [getItem] GET key_109 value_109 Mon Dec  2 13:28:08 2024
 - duplcont.cc:30
20241202 19:28:08.115142 UTC 4219643 DEBUG [putItem] PUT key_110 value_110 Mon Dec  2 13:28:08 2024
 - duplcont.cc:86
20241202 19:28:08.118092 UTC 4219643 DEBUG [getItem] GET key_115 value_not_found Mon Dec  2 13:28:08 2024
 - duplcont.cc:41
20241202 19:28:08.118596 UTC 4219643 DEBUG [putItem] PUT key_116 value_116 Mon Dec  2 13:28:08 2024
 - duplcont.cc:86
20241202 19:28:08.118771 UTC 4219643 DEBUG [putItem] PUT key_113 value_113 Mon Dec  2 13:28:08 2024
 - duplcont.cc:86
20241202 19:28:08.119228 UTC 4219643 DEBUG [putItem] PUT key_115 value_115 Mon Dec  2 13:28:08 2024
 - duplcont.cc:86
20241202 19:28:08.120743 UTC 4219643 DEBUG [getItem] GET key_116 value_116 Mon Dec  2 13:28:08 2024
 - duplcont.cc:30
20241202 19:28:08.120899 UTC 4219643 DEBUG [getItem] GET key_113 value_113 Mon Dec  2 13:28:08 2024
 - duplcont.cc:30
20241202 19:28:08.122490 UTC 4219643 DEBUG [putItem] PUT key_118 value_118 Mon Dec  2 13:28:08 2024
 - duplcont.cc:86
20241202 19:28:08.122708 UTC 4219643 DEBUG [getItem] GET key_120 value_not_found Mon Dec  2 13:28:08 2024
 - duplcont.cc:41
20241202 19:28:08.123470 UTC 4219643 DEBUG [getItem] GET key_119 value_not_found Mon Dec  2 13:28:08 2024
 - duplcont.cc:41
20241202 19:28:08.123550 UTC 4219643 DEBUG [getItem] GET key_118 value_118 Mon Dec  2 13:28:08 2024
 - duplcont.cc:30
20241202 19:28:08.123836 UTC 4219643 DEBUG [putItem] PUT key_119 value_119 Mon Dec  2 13:28:08 2024
 - duplcont.cc:86
20241202 19:28:08.125073 UTC 4219643 DEBUG [putItem] PUT key_120 value_120 Mon Dec  2 13:28:08 2024
 - duplcont.cc:86
20241202 19:28:08.127605 UTC 4219643 DEBUG [getItem] GET key_122 value_not_found Mon Dec  2 13:28:08 2024
 - duplcont.cc:41
20241202 19:28:08.129117 UTC 4219643 DEBUG [getItem] GET key_127 value_not_found Mon Dec  2 13:28:08 2024
 - duplcont.cc:41
20241202 19:28:08.129398 UTC 4219643 DEBUG [putItem] PUT key_122 value_122 Mon Dec  2 13:28:08 2024
 - duplcont.cc:86
20241202 19:28:08.129608 UTC 4219643 DEBUG [putItem] PUT key_127 value_127 Mon Dec  2 13:28:08 2024
 - duplcont.cc:86
20241202 19:28:08.131107 UTC 4219643 DEBUG [putItem] PUT key_128 value_128 Mon Dec  2 13:28:08 2024
 - duplcont.cc:86
20241202 19:28:08.132920 UTC 4219643 DEBUG [getItem] GET key_128 value_128 Mon Dec  2 13:28:08 2024
 - duplcont.cc:30
20241202 19:28:08.133624 UTC 4219643 DEBUG [putItem] PUT key_133 value_133 Mon Dec  2 13:28:08 2024
 - duplcont.cc:86
20241202 19:28:08.137164 UTC 4219643 DEBUG [getItem] GET key_135 value_not_found Mon Dec  2 13:28:08 2024
 - duplcont.cc:41
20241202 19:28:08.137298 UTC 4219643 DEBUG [putItem] PUT key_135 value_135 Mon Dec  2 13:28:08 2024
 - duplcont.cc:86
20241202 19:28:08.137378 UTC 4219643 DEBUG [putItem] PUT key_137 value_137 Mon Dec  2 13:28:08 2024
 - duplcont.cc:86
20241202 19:28:08.137407 UTC 4219643 DEBUG [getItem] GET key_133 value_133 Mon Dec  2 13:28:08 2024
 - duplcont.cc:30
20241202 19:28:08.140067 UTC 4219643 DEBUG [getItem] GET key_138 value_not_found Mon Dec  2 13:28:08 2024
 - duplcont.cc:41
20241202 19:28:08.140399 UTC 4219643 DEBUG [getItem] GET key_137 value_137 Mon Dec  2 13:28:08 2024
 - duplcont.cc:30
20241202 19:28:08.140707 UTC 4219643 DEBUG [putItem] PUT key_138 value_138 Mon Dec  2 13:28:08 2024
 - duplcont.cc:86
20241202 19:28:08.142157 UTC 4219643 DEBUG [getItem] GET key_140 value_not_found Mon Dec  2 13:28:08 2024
 - duplcont.cc:41
20241202 19:28:08.145045 UTC 4219643 DEBUG [putItem] PUT key_140 value_140 Mon Dec  2 13:28:08 2024
 - duplcont.cc:86
20241202 19:28:08.145066 UTC 4219643 DEBUG [getItem] GET key_142 value_not_found Mon Dec  2 13:28:08 2024
 - duplcont.cc:41
20241202 19:28:08.145404 UTC 4219643 DEBUG [putItem] PUT key_142 value_142 Mon Dec  2 13:28:08 2024
 - duplcont.cc:86
20241202 19:28:08.146444 UTC 4219643 DEBUG [getItem] GET key_145 value_not_found Mon Dec  2 13:28:08 2024
 - duplcont.cc:41
20241202 19:28:08.146465 UTC 4219643 DEBUG [putItem] PUT key_145 value_145 Mon Dec  2 13:28:08 2024
 - duplcont.cc:86
20241202 19:28:08.149415 UTC 4219643 DEBUG [putItem] PUT key_149 value_149 Mon Dec  2 13:28:08 2024
 - duplcont.cc:86
20241202 19:28:08.150799 UTC 4219643 DEBUG [getItem] GET key_150 value_not_found Mon Dec  2 13:28:08 2024
 - duplcont.cc:41
20241202 19:28:08.151006 UTC 4219643 DEBUG [putItem] PUT key_150 value_150 Mon Dec  2 13:28:08 2024
 - duplcont.cc:86
20241202 19:28:08.151520 UTC 4219643 DEBUG [getItem] GET key_149 value_149 Mon Dec  2 13:28:08 2024
 - duplcont.cc:30
20241202 19:28:08.152797 UTC 4219643 DEBUG [putItem] PUT key_154 value_154 Mon Dec  2 13:28:08 2024
 - duplcont.cc:86
20241202 19:28:08.153455 UTC 4219643 DEBUG [getItem] GET key_153 value_not_found Mon Dec  2 13:28:08 2024
 - duplcont.cc:41
20241202 19:28:08.153727 UTC 4219643 DEBUG [putItem] PUT key_153 value_153 Mon Dec  2 13:28:08 2024
 - duplcont.cc:86
20241202 19:28:08.154085 UTC 4219643 DEBUG [getItem] GET key_155 value_not_found Mon Dec  2 13:28:08 2024
 - duplcont.cc:41
20241202 19:28:08.155250 UTC 4219643 DEBUG [putItem] PUT key_155 value_155 Mon Dec  2 13:28:08 2024
 - duplcont.cc:86
20241202 19:28:08.155646 UTC 4219643 DEBUG [getItem] GET key_154 value_154 Mon Dec  2 13:28:08 2024
 - duplcont.cc:30
20241202 19:28:08.156385 UTC 4219643 DEBUG [putItem] PUT key_157 value_157 Mon Dec  2 13:28:08 2024
 - duplcont.cc:86
20241202 19:28:08.158247 UTC 4219643 DEBUG [getItem] GET key_157 value_157 Mon Dec  2 13:28:08 2024
 - duplcont.cc:30
20241202 19:28:08.159554 UTC 4219643 DEBUG [getItem] GET key_159 value_not_found Mon Dec  2 13:28:08 2024
 - duplcont.cc:41
20241202 19:28:08.160285 UTC 4219643 DEBUG [putItem] PUT key_159 value_159 Mon Dec  2 13:28:08 2024
 - duplcont.cc:86
20241202 19:28:08.162693 UTC 4219643 DEBUG [getItem] GET key_164 value_not_found Mon Dec  2 13:28:08 2024
 - duplcont.cc:41
20241202 19:28:08.162768 UTC 4219643 DEBUG [putItem] PUT key_164 value_164 Mon Dec  2 13:28:08 2024
 - duplcont.cc:86
20241202 19:28:08.163922 UTC 4219643 DEBUG [putItem] PUT key_165 value_165 Mon Dec  2 13:28:08 2024
 - duplcont.cc:86
20241202 19:28:08.165565 UTC 4219643 DEBUG [getItem] GET key_167 value_not_found Mon Dec  2 13:28:08 2024
 - duplcont.cc:41
20241202 19:28:08.165882 UTC 4219643 DEBUG [putItem] PUT key_167 value_167 Mon Dec  2 13:28:08 2024
 - duplcont.cc:86
20241202 19:28:08.169338 UTC 4219643 DEBUG [putItem] PUT key_169 value_169 Mon Dec  2 13:28:08 2024
 - duplcont.cc:86
20241202 19:28:08.169356 UTC 4219643 DEBUG [getItem] GET key_165 value_165 Mon Dec  2 13:28:08 2024
 - duplcont.cc:30
20241202 19:28:08.169718 UTC 4219643 DEBUG [getItem] GET key_169 value_169 Mon Dec  2 13:28:08 2024
 - duplcont.cc:30
20241202 19:28:08.170432 UTC 4219643 DEBUG [putItem] PUT key_172 value_172 Mon Dec  2 13:28:08 2024
 - duplcont.cc:86
20241202 19:28:08.170450 UTC 4219643 DEBUG [putItem] PUT key_173 value_173 Mon Dec  2 13:28:08 2024
 - duplcont.cc:86
20241202 19:28:08.170523 UTC 4219643 DEBUG [getItem] GET key_173 value_173 Mon Dec  2 13:28:08 2024
 - duplcont.cc:30
20241202 19:28:08.170538 UTC 4219643 DEBUG [getItem] GET key_172 value_172 Mon Dec  2 13:28:08 2024
 - duplcont.cc:30
20241202 19:28:08.172228 UTC 4219643 DEBUG [putItem] PUT key_174 value_174 Mon Dec  2 13:28:08 2024
 - duplcont.cc:86
20241202 19:28:08.173153 UTC 4219643 DEBUG [getItem] GET key_174 value_174 Mon Dec  2 13:28:08 2024
 - duplcont.cc:30
20241202 19:28:08.174093 UTC 4219643 DEBUG [getItem] GET key_176 value_not_found Mon Dec  2 13:28:08 2024
 - duplcont.cc:41
20241202 19:28:08.174554 UTC 4219643 DEBUG [putItem] PUT key_176 value_176 Mon Dec  2 13:28:08 2024
 - duplcont.cc:86
20241202 19:28:08.174813 UTC 4219643 DEBUG [putItem] PUT key_177 value_177 Mon Dec  2 13:28:08 2024
 - duplcont.cc:86
20241202 19:28:08.175314 UTC 4219643 DEBUG [getItem] GET key_177 value_177 Mon Dec  2 13:28:08 2024
 - duplcont.cc:30
20241202 19:28:08.176901 UTC 4219643 DEBUG [putItem] PUT key_180 value_180 Mon Dec  2 13:28:08 2024
 - duplcont.cc:86
20241202 19:28:08.177824 UTC 4219643 DEBUG [getItem] GET key_180 value_180 Mon Dec  2 13:28:08 2024
 - duplcont.cc:30
20241202 19:28:08.178971 UTC 4219643 DEBUG [putItem] PUT key_183 value_183 Mon Dec  2 13:28:08 2024
 - duplcont.cc:86
20241202 19:28:08.180404 UTC 4219643 DEBUG [getItem] GET key_183 value_183 Mon Dec  2 13:28:08 2024
 - duplcont.cc:30
20241202 19:28:08.181147 UTC 4219643 DEBUG [putItem] PUT key_184 value_184 Mon Dec  2 13:28:08 2024
 - duplcont.cc:86
20241202 19:28:08.181775 UTC 4219643 DEBUG [getItem] GET key_184 value_184 Mon Dec  2 13:28:08 2024
 - duplcont.cc:30
20241202 19:28:08.182275 UTC 4219643 DEBUG [putItem] PUT key_187 value_187 Mon Dec  2 13:28:08 2024
 - duplcont.cc:86
20241202 19:28:08.183005 UTC 4219643 DEBUG [getItem] GET key_186 value_not_found Mon Dec  2 13:28:08 2024
 - duplcont.cc:41
20241202 19:28:08.183720 UTC 4219643 DEBUG [getItem] GET key_187 value_187 Mon Dec  2 13:28:08 2024
 - duplcont.cc:30
20241202 19:28:08.184984 UTC 4219643 DEBUG [putItem] PUT key_186 value_186 Mon Dec  2 13:28:08 2024
 - duplcont.cc:86
20241202 19:28:08.187107 UTC 4219643 DEBUG [getItem] GET key_191 value_not_found Mon Dec  2 13:28:08 2024
 - duplcont.cc:41
20241202 19:28:08.188960 UTC 4219643 DEBUG [putItem] PUT key_191 value_191 Mon Dec  2 13:28:08 2024
 - duplcont.cc:86
20241202 19:28:08.191021 UTC 4219643 DEBUG [putItem] PUT key_195 value_195 Mon Dec  2 13:28:08 2024
 - duplcont.cc:86
20241202 19:28:08.191363 UTC 4219643 DEBUG [putItem] PUT key_196 value_196 Mon Dec  2 13:28:08 2024
 - duplcont.cc:86
20241202 19:28:08.192551 UTC 4219643 DEBUG [getItem] GET key_196 value_196 Mon Dec  2 13:28:08 2024
 - duplcont.cc:30
20241202 19:28:08.192569 UTC 4219643 DEBUG [getItem] GET key_198 value_not_found Mon Dec  2 13:28:08 2024
 - duplcont.cc:41
20241202 19:28:08.192705 UTC 4219643 DEBUG [getItem] GET key_195 value_195 Mon Dec  2 13:28:08 2024
 - duplcont.cc:30
20241202 19:28:08.195485 UTC 4219643 DEBUG [putItem] PUT key_198 value_198 Mon Dec  2 13:28:08 2024
 - duplcont.cc:86
20241202 19:28:08.195612 UTC 4219643 DEBUG [putItem] PUT key_199 value_199 Mon Dec  2 13:28:08 2024
 - duplcont.cc:86
20241202 19:28:08.196298 UTC 4219643 DEBUG [putItem] PUT key_200 value_200 Mon Dec  2 13:28:08 2024
 - duplcont.cc:86
20241202 19:28:08.196362 UTC 4219643 DEBUG [getItem] GET key_200 value_200 Mon Dec  2 13:28:08 2024
 - duplcont.cc:30
20241202 19:28:08.197291 UTC 4219643 DEBUG [getItem] GET key_202 value_not_found Mon Dec  2 13:28:08 2024
 - duplcont.cc:41
20241202 19:28:08.197310 UTC 4219643 DEBUG [putItem] PUT key_202 value_202 Mon Dec  2 13:28:08 2024
 - duplcont.cc:86
20241202 19:28:08.197494 UTC 4219643 DEBUG [getItem] GET key_199 value_199 Mon Dec  2 13:28:08 2024
 - duplcont.cc:30
20241202 19:28:08.198515 UTC 4219643 DEBUG [getItem] GET key_204 value_not_found Mon Dec  2 13:28:08 2024
 - duplcont.cc:41
20241202 19:28:08.199003 UTC 4219643 DEBUG [putItem] PUT key_204 value_204 Mon Dec  2 13:28:08 2024
 - duplcont.cc:86
20241202 19:28:08.199440 UTC 4219643 DEBUG [getItem] GET key_205 value_not_found Mon Dec  2 13:28:08 2024
 - duplcont.cc:41
20241202 19:28:08.199500 UTC 4219643 DEBUG [putItem] PUT key_205 value_205 Mon Dec  2 13:28:08 2024
 - duplcont.cc:86
20241202 19:28:08.202295 UTC 4219643 DEBUG [putItem] PUT key_208 value_208 Mon Dec  2 13:28:08 2024
 - duplcont.cc:86
20241202 19:28:08.204889 UTC 4219643 DEBUG [getItem] GET key_208 value_208 Mon Dec  2 13:28:08 2024
 - duplcont.cc:30
20241202 19:28:08.206041 UTC 4219643 DEBUG [putItem] PUT key_213 value_213 Mon Dec  2 13:28:08 2024
 - duplcont.cc:86
20241202 19:28:08.206787 UTC 4219643 DEBUG [putItem] PUT key_212 value_212 Mon Dec  2 13:28:08 2024
 - duplcont.cc:86
20241202 19:28:08.206919 UTC 4219643 DEBUG [getItem] GET key_213 value_213 Mon Dec  2 13:28:08 2024
 - duplcont.cc:30
20241202 19:28:08.207335 UTC 4219643 DEBUG [getItem] GET key_212 value_212 Mon Dec  2 13:28:08 2024
 - duplcont.cc:30
20241202 19:28:08.207957 UTC 4219643 DEBUG [putItem] PUT key_214 value_214 Mon Dec  2 13:28:08 2024
 - duplcont.cc:86
20241202 19:28:08.208173 UTC 4219643 DEBUG [getItem] GET key_214 value_214 Mon Dec  2 13:28:08 2024
 - duplcont.cc:30
20241202 19:28:08.210332 UTC 4219643 DEBUG [putItem] PUT key_216 value_216 Mon Dec  2 13:28:08 2024
 - duplcont.cc:86
20241202 19:28:08.210378 UTC 4219643 DEBUG [getItem] GET key_216 value_216 Mon Dec  2 13:28:08 2024
 - duplcont.cc:30
20241202 19:28:08.210571 UTC 4219643 DEBUG [putItem] PUT key_218 value_218 Mon Dec  2 13:28:08 2024
 - duplcont.cc:86
20241202 19:28:08.210590 UTC 4219643 DEBUG [getItem] GET key_219 value_not_found Mon Dec  2 13:28:08 2024
 - duplcont.cc:41
20241202 19:28:08.211325 UTC 4219643 DEBUG [putItem] PUT key_219 value_219 Mon Dec  2 13:28:08 2024
 - duplcont.cc:86
20241202 19:28:08.213266 UTC 4219643 DEBUG [getItem] GET key_221 value_not_found Mon Dec  2 13:28:08 2024
 - duplcont.cc:41
20241202 19:28:08.213546 UTC 4219643 DEBUG [getItem] GET key_218 value_218 Mon Dec  2 13:28:08 2024
 - duplcont.cc:30
20241202 19:28:08.214102 UTC 4219643 DEBUG [putItem] PUT key_221 value_221 Mon Dec  2 13:28:08 2024
 - duplcont.cc:86
20241202 19:28:08.217528 UTC 4219643 DEBUG [putItem] PUT key_225 value_225 Mon Dec  2 13:28:08 2024
 - duplcont.cc:86
20241202 19:28:08.218532 UTC 4219643 DEBUG [getItem] GET key_225 value_225 Mon Dec  2 13:28:08 2024
 - duplcont.cc:30
20241202 19:28:08.219409 UTC 4219643 DEBUG [getItem] GET key_228 value_not_found Mon Dec  2 13:28:08 2024
 - duplcont.cc:41
20241202 19:28:08.220309 UTC 4219643 DEBUG [putItem] PUT key_228 value_228 Mon Dec  2 13:28:08 2024
 - duplcont.cc:86
20241202 19:28:08.222499 UTC 4219643 DEBUG [getItem] GET key_232 value_not_found Mon Dec  2 13:28:08 2024
 - duplcont.cc:41
20241202 19:28:08.224129 UTC 4219643 DEBUG [putItem] PUT key_232 value_232 Mon Dec  2 13:28:08 2024
 - duplcont.cc:86
20241202 19:28:08.225557 UTC 4219643 DEBUG [putItem] PUT key_234 value_234 Mon Dec  2 13:28:08 2024
 - duplcont.cc:86
20241202 19:28:08.225579 UTC 4219643 DEBUG [putItem] PUT key_235 value_235 Mon Dec  2 13:28:08 2024
 - duplcont.cc:86
20241202 19:28:08.225856 UTC 4219643 DEBUG [putItem] PUT key_237 value_237 Mon Dec  2 13:28:08 2024
 - duplcont.cc:86
20241202 19:28:08.225964 UTC 4219643 DEBUG [getItem] GET key_234 value_234 Mon Dec  2 13:28:08 2024
 - duplcont.cc:30
20241202 19:28:08.226196 UTC 4219643 DEBUG [getItem] GET key_235 value_235 Mon Dec  2 13:28:08 2024
 - duplcont.cc:30
20241202 19:28:08.229727 UTC 4219643 DEBUG [getItem] GET key_239 value_not_found Mon Dec  2 13:28:08 2024
 - duplcont.cc:41
20241202 19:28:08.229828 UTC 4219643 DEBUG [getItem] GET key_238 value_not_found Mon Dec  2 13:28:08 2024
 - duplcont.cc:41
20241202 19:28:08.231337 UTC 4219643 DEBUG [putItem] PUT key_239 value_239 Mon Dec  2 13:28:08 2024
 - duplcont.cc:86
20241202 19:28:08.231430 UTC 4219643 DEBUG [getItem] GET key_237 value_237 Mon Dec  2 13:28:08 2024
 - duplcont.cc:30
20241202 19:28:08.232649 UTC 4219643 DEBUG [putItem] PUT key_238 value_238 Mon Dec  2 13:28:08 2024
 - duplcont.cc:86
20241202 19:28:08.233392 UTC 4219643 DEBUG [putItem] PUT key_243 value_243 Mon Dec  2 13:28:08 2024
 - duplcont.cc:86
20241202 19:28:08.234384 UTC 4219643 DEBUG [getItem] GET key_243 value_243 Mon Dec  2 13:28:08 2024
 - duplcont.cc:30
20241202 19:28:08.238709 UTC 4219643 DEBUG [putItem] PUT key_249 value_249 Mon Dec  2 13:28:08 2024
 - duplcont.cc:86
20241202 19:28:08.238794 UTC 4219643 DEBUG [getItem] GET key_249 value_249 Mon Dec  2 13:28:08 2024
 - duplcont.cc:30
20241202 19:28:08.238902 UTC 4219643 DEBUG [getItem] GET key_251 value_not_found Mon Dec  2 13:28:08 2024
 - duplcont.cc:41
20241202 19:28:08.239201 UTC 4219643 DEBUG [putItem] PUT key_250 value_250 Mon Dec  2 13:28:08 2024
 - duplcont.cc:86
20241202 19:28:08.240964 UTC 4219643 DEBUG [getItem] GET key_250 value_250 Mon Dec  2 13:28:08 2024
 - duplcont.cc:30
20241202 19:28:08.241159 UTC 4219643 DEBUG [putItem] PUT key_251 value_251 Mon Dec  2 13:28:08 2024
 - duplcont.cc:86
20241202 19:28:08.243074 UTC 4219643 DEBUG [getItem] GET key_255 value_not_found Mon Dec  2 13:28:08 2024
 - duplcont.cc:41
20241202 19:28:08.243602 UTC 4219643 DEBUG [getItem] GET key_253 value_not_found Mon Dec  2 13:28:08 2024
 - duplcont.cc:41
20241202 19:28:08.243873 UTC 4219643 DEBUG [putItem] PUT key_255 value_255 Mon Dec  2 13:28:08 2024
 - duplcont.cc:86
20241202 19:28:08.244389 UTC 4219643 DEBUG [putItem] PUT key_258 value_258 Mon Dec  2 13:28:08 2024
 - duplcont.cc:86
20241202 19:28:08.244489 UTC 4219643 DEBUG [getItem] GET key_256 value_not_found Mon Dec  2 13:28:08 2024
 - duplcont.cc:41
20241202 19:28:08.245045 UTC 4219643 DEBUG [putItem] PUT key_256 value_256 Mon Dec  2 13:28:08 2024
 - duplcont.cc:86
20241202 19:28:08.245066 UTC 4219643 DEBUG [putItem] PUT key_257 value_257 Mon Dec  2 13:28:08 2024
 - duplcont.cc:86
20241202 19:28:08.245080 UTC 4219643 DEBUG [getItem] GET key_257 value_257 Mon Dec  2 13:28:08 2024
 - duplcont.cc:30
20241202 19:28:08.245094 UTC 4219643 DEBUG [putItem] PUT key_253 value_253 Mon Dec  2 13:28:08 2024
 - duplcont.cc:86
20241202 19:28:08.247413 UTC 4219643 DEBUG [putItem] PUT key_260 value_260 Mon Dec  2 13:28:08 2024
 - duplcont.cc:86
20241202 19:28:08.247826 UTC 4219643 DEBUG [getItem] GET key_258 value_258 Mon Dec  2 13:28:08 2024
 - duplcont.cc:30
20241202 19:28:08.248427 UTC 4219643 DEBUG [putItem] PUT key_261 value_261 Mon Dec  2 13:28:08 2024
 - duplcont.cc:86
20241202 19:28:08.248445 UTC 4219643 DEBUG [getItem] GET key_261 value_261 Mon Dec  2 13:28:08 2024
 - duplcont.cc:30
20241202 19:28:08.250551 UTC 4219643 DEBUG [putItem] PUT key_263 value_263 Mon Dec  2 13:28:08 2024
 - duplcont.cc:86
20241202 19:28:08.250571 UTC 4219643 DEBUG [getItem] GET key_260 value_260 Mon Dec  2 13:28:08 2024
 - duplcont.cc:30
20241202 19:28:08.252472 UTC 4219643 DEBUG [getItem] GET key_263 value_263 Mon Dec  2 13:28:08 2024
 - duplcont.cc:30
20241202 19:28:08.253006 UTC 4219643 DEBUG [getItem] GET key_265 value_not_found Mon Dec  2 13:28:08 2024
 - duplcont.cc:41
20241202 19:28:08.253748 UTC 4219643 DEBUG [getItem] GET key_264 value_not_found Mon Dec  2 13:28:08 2024
 - duplcont.cc:41
20241202 19:28:08.254272 UTC 4219643 DEBUG [putItem] PUT key_268 value_268 Mon Dec  2 13:28:08 2024
 - duplcont.cc:86
20241202 19:28:08.254623 UTC 4219643 DEBUG [putItem] PUT key_265 value_265 Mon Dec  2 13:28:08 2024
 - duplcont.cc:86
20241202 19:28:08.254699 UTC 4219643 DEBUG [putItem] PUT key_264 value_264 Mon Dec  2 13:28:08 2024
 - duplcont.cc:86
20241202 19:28:08.256081 UTC 4219643 DEBUG [putItem] PUT key_269 value_269 Mon Dec  2 13:28:08 2024
 - duplcont.cc:86
20241202 19:28:08.256741 UTC 4219643 DEBUG [getItem] GET key_269 value_269 Mon Dec  2 13:28:08 2024
 - duplcont.cc:30
20241202 19:28:08.257199 UTC 4219643 DEBUG [getItem] GET key_268 value_268 Mon Dec  2 13:28:08 2024
 - duplcont.cc:30
20241202 19:28:08.259221 UTC 4219643 DEBUG [getItem] GET key_271 value_not_found Mon Dec  2 13:28:08 2024
 - duplcont.cc:41
20241202 19:28:08.259739 UTC 4219643 DEBUG [putItem] PUT key_271 value_271 Mon Dec  2 13:28:08 2024
 - duplcont.cc:86
20241202 19:28:08.262329 UTC 4219643 DEBUG [getItem] GET key_277 value_not_found Mon Dec  2 13:28:08 2024
 - duplcont.cc:41
20241202 19:28:08.265811 UTC 4219643 DEBUG [putItem] PUT key_277 value_277 Mon Dec  2 13:28:08 2024
 - duplcont.cc:86
20241202 19:28:08.269313 UTC 4219643 DEBUG [getItem] GET key_283 value_not_found Mon Dec  2 13:28:08 2024
 - duplcont.cc:41
20241202 19:28:08.269776 UTC 4219643 DEBUG [putItem] PUT key_284 value_284 Mon Dec  2 13:28:08 2024
 - duplcont.cc:86
20241202 19:28:08.269796 UTC 4219643 DEBUG [getItem] GET key_284 value_284 Mon Dec  2 13:28:08 2024
 - duplcont.cc:30
20241202 19:28:08.270456 UTC 4219643 DEBUG [putItem] PUT key_285 value_285 Mon Dec  2 13:28:08 2024
 - duplcont.cc:86
20241202 19:28:08.271140 UTC 4219643 DEBUG [getItem] GET key_286 value_not_found Mon Dec  2 13:28:08 2024
 - duplcont.cc:41
20241202 19:28:08.271587 UTC 4219643 DEBUG [putItem] PUT key_283 value_283 Mon Dec  2 13:28:08 2024
 - duplcont.cc:86
20241202 19:28:08.272429 UTC 4219643 DEBUG [getItem] GET key_285 value_285 Mon Dec  2 13:28:08 2024
 - duplcont.cc:30
20241202 19:28:08.272594 UTC 4219643 DEBUG [putItem] PUT key_286 value_286 Mon Dec  2 13:28:08 2024
 - duplcont.cc:86
20241202 19:28:08.273426 UTC 4219643 DEBUG [putItem] PUT key_287 value_287 Mon Dec  2 13:28:08 2024
 - duplcont.cc:86
20241202 19:28:08.273442 UTC 4219643 DEBUG [getItem] GET key_287 value_287 Mon Dec  2 13:28:08 2024
 - duplcont.cc:30
20241202 19:28:08.277745 UTC 4219643 DEBUG [getItem] GET key_293 value_not_found Mon Dec  2 13:28:08 2024
 - duplcont.cc:41
20241202 19:28:08.277769 UTC 4219643 DEBUG [getItem] GET key_294 value_not_found Mon Dec  2 13:28:08 2024
 - duplcont.cc:41
20241202 19:28:08.277969 UTC 4219643 DEBUG [putItem] PUT key_294 value_294 Mon Dec  2 13:28:08 2024
 - duplcont.cc:86
20241202 19:28:08.280198 UTC 4219643 DEBUG [putItem] PUT key_293 value_293 Mon Dec  2 13:28:08 2024
 - duplcont.cc:86
20241202 19:28:08.280898 UTC 4219643 DEBUG [putItem] PUT key_296 value_296 Mon Dec  2 13:28:08 2024
 - duplcont.cc:86
20241202 19:28:08.281472 UTC 4219643 DEBUG [putItem] PUT key_298 value_298 Mon Dec  2 13:28:08 2024
 - duplcont.cc:86
20241202 19:28:08.281675 UTC 4219643 DEBUG [getItem] GET key_296 value_296 Mon Dec  2 13:28:08 2024
 - duplcont.cc:30
20241202 19:28:08.282802 UTC 4219643 DEBUG [getItem] GET key_298 value_298 Mon Dec  2 13:28:08 2024
 - duplcont.cc:30
20241202 19:29:41.080801 UTC 4219643 DEBUG [putItem] PUT key_0 value_0 Mon Dec  2 13:29:41 2024
 - duplcont.cc:86
20241202 19:29:41.081036 UTC 4219643 DEBUG [putItem] PUT key_1 value_1 Mon Dec  2 13:29:41 2024
 - duplcont.cc:86
20241202 19:29:41.081063 UTC 4219643 DEBUG [getItem] GET key_0 value_0 Mon Dec  2 13:29:41 2024
 - duplcont.cc:30
20241202 19:29:41.081078 UTC 4219643 DEBUG [getItem] GET key_1 value_1 Mon Dec  2 13:29:41 2024
 - duplcont.cc:30
20241202 19:29:41.085539 UTC 4219643 DEBUG [getItem] GET key_6 value_6 Mon Dec  2 13:29:41 2024
 - duplcont.cc:30
20241202 19:29:41.085660 UTC 4219643 DEBUG [putItem] PUT key_6 value_6 Mon Dec  2 13:29:41 2024
 - duplcont.cc:86
20241202 19:29:41.086056 UTC 4219643 DEBUG [putItem] PUT key_9 value_9 Mon Dec  2 13:29:41 2024
 - duplcont.cc:86
20241202 19:29:41.086251 UTC 4219643 DEBUG [getItem] GET key_9 value_9 Mon Dec  2 13:29:41 2024
 - duplcont.cc:30
20241202 19:29:41.089235 UTC 4219643 DEBUG [putItem] PUT key_11 value_11 Mon Dec  2 13:29:41 2024
 - duplcont.cc:86
20241202 19:29:41.089641 UTC 4219643 DEBUG [getItem] GET key_11 value_11 Mon Dec  2 13:29:41 2024
 - duplcont.cc:30
20241202 19:29:41.089852 UTC 4219643 DEBUG [putItem] PUT key_13 value_13 Mon Dec  2 13:29:41 2024
 - duplcont.cc:86
20241202 19:29:41.090105 UTC 4219643 DEBUG [getItem] GET key_13 value_13 Mon Dec  2 13:29:41 2024
 - duplcont.cc:30
20241202 19:29:41.090584 UTC 4219643 DEBUG [getItem] GET key_14 value_14 Mon Dec  2 13:29:41 2024
 - duplcont.cc:30
20241202 19:29:41.091330 UTC 4219643 DEBUG [putItem] PUT key_14 value_14 Mon Dec  2 13:29:41 2024
 - duplcont.cc:86
20241202 19:29:41.097175 UTC 4219643 DEBUG [putItem] PUT key_19 value_19 Mon Dec  2 13:29:41 2024
 - duplcont.cc:86
20241202 19:29:41.097860 UTC 4219643 DEBUG [putItem] PUT key_20 value_20 Mon Dec  2 13:29:41 2024
 - duplcont.cc:86
20241202 19:29:41.098328 UTC 4219643 DEBUG [getItem] GET key_19 value_19 Mon Dec  2 13:29:41 2024
 - duplcont.cc:30
20241202 19:29:41.099067 UTC 4219643 DEBUG [getItem] GET key_20 value_20 Mon Dec  2 13:29:41 2024
 - duplcont.cc:30
20241202 19:29:41.099111 UTC 4219643 DEBUG [getItem] GET key_23 value_23 Mon Dec  2 13:29:41 2024
 - duplcont.cc:30
20241202 19:29:41.099846 UTC 4219643 DEBUG [putItem] PUT key_23 value_23 Mon Dec  2 13:29:41 2024
 - duplcont.cc:86
20241202 19:29:41.102096 UTC 4219643 DEBUG [getItem] GET key_27 value_27 Mon Dec  2 13:29:41 2024
 - duplcont.cc:30
20241202 19:29:41.102710 UTC 4219643 DEBUG [getItem] GET key_24 value_24 Mon Dec  2 13:29:41 2024
 - duplcont.cc:30
20241202 19:29:41.103049 UTC 4219643 DEBUG [putItem] PUT key_24 value_24 Mon Dec  2 13:29:41 2024
 - duplcont.cc:86
20241202 19:29:41.103293 UTC 4219643 DEBUG [putItem] PUT key_27 value_27 Mon Dec  2 13:29:41 2024
 - duplcont.cc:86
20241202 19:29:41.106839 UTC 4219643 DEBUG [putItem] PUT key_33 value_33 Mon Dec  2 13:29:41 2024
 - duplcont.cc:86
20241202 19:29:41.107185 UTC 4219643 DEBUG [getItem] GET key_33 value_33 Mon Dec  2 13:29:41 2024
 - duplcont.cc:30
20241202 19:29:41.109715 UTC 4219643 DEBUG [getItem] GET key_34 value_34 Mon Dec  2 13:29:41 2024
 - duplcont.cc:30
20241202 19:29:41.109872 UTC 4219643 DEBUG [putItem] PUT key_34 value_34 Mon Dec  2 13:29:41 2024
 - duplcont.cc:86
20241202 19:29:41.112893 UTC 4219643 DEBUG [putItem] PUT key_39 value_39 Mon Dec  2 13:29:41 2024
 - duplcont.cc:86
20241202 19:29:41.114362 UTC 4219643 DEBUG [putItem] PUT key_42 value_42 Mon Dec  2 13:29:41 2024
 - duplcont.cc:86
20241202 19:29:41.116495 UTC 4219643 DEBUG [getItem] GET key_43 value_43 Mon Dec  2 13:29:41 2024
 - duplcont.cc:30
20241202 19:29:41.116552 UTC 4219643 DEBUG [getItem] GET key_42 value_42 Mon Dec  2 13:29:41 2024
 - duplcont.cc:30
20241202 19:29:41.116744 UTC 4219643 DEBUG [getItem] GET key_39 value_39 Mon Dec  2 13:29:41 2024
 - duplcont.cc:30
20241202 19:29:41.118405 UTC 4219643 DEBUG [putItem] PUT key_43 value_43 Mon Dec  2 13:29:41 2024
 - duplcont.cc:86
20241202 19:29:41.119825 UTC 4219643 DEBUG [putItem] PUT key_46 value_46 Mon Dec  2 13:29:41 2024
 - duplcont.cc:86
20241202 19:29:41.120529 UTC 4219643 DEBUG [getItem] GET key_46 value_46 Mon Dec  2 13:29:41 2024
 - duplcont.cc:30
20241202 19:29:41.121688 UTC 4219643 DEBUG [getItem] GET key_49 value_49 Mon Dec  2 13:29:41 2024
 - duplcont.cc:30
20241202 19:29:41.122584 UTC 4219643 DEBUG [putItem] PUT key_51 value_51 Mon Dec  2 13:29:41 2024
 - duplcont.cc:86
20241202 19:29:41.122849 UTC 4219643 DEBUG [getItem] GET key_51 value_51 Mon Dec  2 13:29:41 2024
 - duplcont.cc:30
20241202 19:29:41.124234 UTC 4219643 DEBUG [putItem] PUT key_49 value_49 Mon Dec  2 13:29:41 2024
 - duplcont.cc:86
20241202 19:29:41.128442 UTC 4219643 DEBUG [putItem] PUT key_57 value_57 Mon Dec  2 13:29:41 2024
 - duplcont.cc:86
20241202 19:29:41.130018 UTC 4219643 DEBUG [getItem] GET key_57 value_57 Mon Dec  2 13:29:41 2024
 - duplcont.cc:30
20241202 19:29:41.131685 UTC 4219643 DEBUG [getItem] GET key_58 value_58 Mon Dec  2 13:29:41 2024
 - duplcont.cc:30
20241202 19:29:41.131713 UTC 4219643 DEBUG [getItem] GET key_61 value_61 Mon Dec  2 13:29:41 2024
 - duplcont.cc:30
20241202 19:29:41.131804 UTC 4219643 DEBUG [putItem] PUT key_59 value_59 Mon Dec  2 13:29:41 2024
 - duplcont.cc:86
20241202 19:29:41.132399 UTC 4219643 DEBUG [getItem] GET key_59 value_59 Mon Dec  2 13:29:41 2024
 - duplcont.cc:30
20241202 19:29:41.132590 UTC 4219643 DEBUG [putItem] PUT key_61 value_61 Mon Dec  2 13:29:41 2024
 - duplcont.cc:86
20241202 19:29:41.132606 UTC 4219643 DEBUG [putItem] PUT key_58 value_58 Mon Dec  2 13:29:41 2024
 - duplcont.cc:86
20241202 19:29:41.136288 UTC 4219643 DEBUG [putItem] PUT key_63 value_63 Mon Dec  2 13:29:41 2024
 - duplcont.cc:86
20241202 19:29:41.136964 UTC 4219643 DEBUG [getItem] GET key_63 value_63 Mon Dec  2 13:29:41 2024
 - duplcont.cc:30
20241202 19:29:41.138914 UTC 4219643 DEBUG [putItem] PUT key_64 value_64 Mon Dec  2 13:29:41 2024
 - duplcont.cc:86
20241202 19:29:41.139764 UTC 4219643 DEBUG [getItem] GET key_69 value_69 Mon Dec  2 13:29:41 2024
 - duplcont.cc:30
20241202 19:29:41.140000 UTC 4219643 DEBUG [getItem] GET key_64 value_64 Mon Dec  2 13:29:41 2024
 - duplcont.cc:30
20241202 19:29:41.140686 UTC 4219643 DEBUG [getItem] GET key_71 value_71 Mon Dec  2 13:29:41 2024
 - duplcont.cc:30
20241202 19:29:41.141132 UTC 4219643 DEBUG [putItem] PUT key_70 value_70 Mon Dec  2 13:29:41 2024
 - duplcont.cc:86
20241202 19:29:41.141203 UTC 4219643 DEBUG [putItem] PUT key_69 value_69 Mon Dec  2 13:29:41 2024
 - duplcont.cc:86
20241202 19:29:41.141610 UTC 4219643 DEBUG [getItem] GET key_70 value_70 Mon Dec  2 13:29:41 2024
 - duplcont.cc:30
20241202 19:29:41.141629 UTC 4219643 DEBUG [putItem] PUT key_71 value_71 Mon Dec  2 13:29:41 2024
 - duplcont.cc:86
20241202 19:29:41.144194 UTC 4219643 DEBUG [putItem] PUT key_76 value_76 Mon Dec  2 13:29:41 2024
 - duplcont.cc:86
20241202 19:29:41.144719 UTC 4219643 DEBUG [getItem] GET key_74 value_74 Mon Dec  2 13:29:41 2024
 - duplcont.cc:30
20241202 19:29:41.145374 UTC 4219643 DEBUG [putItem] PUT key_74 value_74 Mon Dec  2 13:29:41 2024
 - duplcont.cc:86
20241202 19:29:41.146155 UTC 4219643 DEBUG [getItem] GET key_76 value_76 Mon Dec  2 13:29:41 2024
 - duplcont.cc:30
20241202 19:29:41.146231 UTC 4219643 DEBUG [getItem] GET key_75 value_75 Mon Dec  2 13:29:41 2024
 - duplcont.cc:30
20241202 19:29:41.146247 UTC 4219643 DEBUG [putItem] PUT key_75 value_75 Mon Dec  2 13:29:41 2024
 - duplcont.cc:86
20241202 19:29:41.148647 UTC 4219643 DEBUG [putItem] PUT key_79 value_79 Mon Dec  2 13:29:41 2024
 - duplcont.cc:86
20241202 19:29:41.150426 UTC 4219643 DEBUG [getItem] GET key_79 value_79 Mon Dec  2 13:29:41 2024
 - duplcont.cc:30
20241202 19:29:41.150480 UTC 4219643 DEBUG [getItem] GET key_81 value_81 Mon Dec  2 13:29:41 2024
 - duplcont.cc:30
20241202 19:29:41.151175 UTC 4219643 DEBUG [putItem] PUT key_81 value_81 Mon Dec  2 13:29:41 2024
 - duplcont.cc:86
20241202 19:29:41.153485 UTC 4219643 DEBUG [getItem] GET key_84 value_84 Mon Dec  2 13:29:41 2024
 - duplcont.cc:30
20241202 19:29:41.154825 UTC 4219643 DEBUG [putItem] PUT key_84 value_84 Mon Dec  2 13:29:41 2024
 - duplcont.cc:86
20241202 19:29:41.158996 UTC 4219643 DEBUG [getItem] GET key_91 value_91 Mon Dec  2 13:29:41 2024
 - duplcont.cc:30
20241202 19:29:41.159473 UTC 4219643 DEBUG [putItem] PUT key_91 value_91 Mon Dec  2 13:29:41 2024
 - duplcont.cc:86
20241202 19:29:41.162103 UTC 4219643 DEBUG [getItem] GET key_94 value_94 Mon Dec  2 13:29:41 2024
 - duplcont.cc:30
20241202 19:29:41.162123 UTC 4219643 DEBUG [getItem] GET key_92 value_92 Mon Dec  2 13:29:41 2024
 - duplcont.cc:30
20241202 19:29:41.163281 UTC 4219643 DEBUG [putItem] PUT key_94 value_94 Mon Dec  2 13:29:41 2024
 - duplcont.cc:86
20241202 19:29:41.163335 UTC 4219643 DEBUG [putItem] PUT key_96 value_96 Mon Dec  2 13:29:41 2024
 - duplcont.cc:86
20241202 19:29:41.163395 UTC 4219643 DEBUG [putItem] PUT key_95 value_95 Mon Dec  2 13:29:41 2024
 - duplcont.cc:86
20241202 19:29:41.164071 UTC 4219643 DEBUG [getItem] GET key_95 value_95 Mon Dec  2 13:29:41 2024
 - duplcont.cc:30
20241202 19:29:41.164856 UTC 4219643 DEBUG [getItem] GET key_96 value_96 Mon Dec  2 13:29:41 2024
 - duplcont.cc:30
20241202 19:29:41.165231 UTC 4219643 DEBUG [putItem] PUT key_92 value_92 Mon Dec  2 13:29:41 2024
 - duplcont.cc:86
20241202 19:29:41.167542 UTC 4219643 DEBUG [getItem] GET key_100 value_100 Mon Dec  2 13:29:41 2024
 - duplcont.cc:30
20241202 19:29:41.168021 UTC 4219643 DEBUG [putItem] PUT key_100 value_100 Mon Dec  2 13:29:41 2024
 - duplcont.cc:86
20241202 19:29:41.168794 UTC 4219643 DEBUG [putItem] PUT key_101 value_101 Mon Dec  2 13:29:41 2024
 - duplcont.cc:86
20241202 19:29:41.169453 UTC 4219643 DEBUG [putItem] PUT key_102 value_102 Mon Dec  2 13:29:41 2024
 - duplcont.cc:86
20241202 19:29:41.170465 UTC 4219643 DEBUG [getItem] GET key_102 value_102 Mon Dec  2 13:29:41 2024
 - duplcont.cc:30
20241202 19:29:41.170680 UTC 4219643 DEBUG [getItem] GET key_101 value_101 Mon Dec  2 13:29:41 2024
 - duplcont.cc:30
20241202 19:29:41.170817 UTC 4219643 DEBUG [putItem] PUT key_105 value_105 Mon Dec  2 13:29:41 2024
 - duplcont.cc:86
20241202 19:29:41.171245 UTC 4219643 DEBUG [getItem] GET key_105 value_105 Mon Dec  2 13:29:41 2024
 - duplcont.cc:30
20241202 19:29:41.175453 UTC 4219643 DEBUG [putItem] PUT key_110 value_110 Mon Dec  2 13:29:41 2024
 - duplcont.cc:86
20241202 19:29:41.175474 UTC 4219643 DEBUG [getItem] GET key_109 value_109 Mon Dec  2 13:29:41 2024
 - duplcont.cc:30
20241202 19:29:41.176237 UTC 4219643 DEBUG [getItem] GET key_107 value_107 Mon Dec  2 13:29:41 2024
 - duplcont.cc:30
20241202 19:29:41.176285 UTC 4219643 DEBUG [getItem] GET key_110 value_110 Mon Dec  2 13:29:41 2024
 - duplcont.cc:30
20241202 19:29:41.176422 UTC 4219643 DEBUG [putItem] PUT key_107 value_107 Mon Dec  2 13:29:41 2024
 - duplcont.cc:86
20241202 19:29:41.177209 UTC 4219643 DEBUG [putItem] PUT key_109 value_109 Mon Dec  2 13:29:41 2024
 - duplcont.cc:86
20241202 19:29:41.179023 UTC 4219643 DEBUG [getItem] GET key_113 value_113 Mon Dec  2 13:29:41 2024
 - duplcont.cc:30
20241202 19:29:41.179568 UTC 4219643 DEBUG [putItem] PUT key_113 value_113 Mon Dec  2 13:29:41 2024
 - duplcont.cc:86
20241202 19:29:41.181414 UTC 4219643 DEBUG [putItem] PUT key_115 value_115 Mon Dec  2 13:29:41 2024
 - duplcont.cc:86
20241202 19:29:41.181940 UTC 4219643 DEBUG [getItem] GET key_116 value_116 Mon Dec  2 13:29:41 2024
 - duplcont.cc:30
20241202 19:29:41.183434 UTC 4219643 DEBUG [putItem] PUT key_116 value_116 Mon Dec  2 13:29:41 2024
 - duplcont.cc:86
20241202 19:29:41.184183 UTC 4219643 DEBUG [getItem] GET key_118 value_118 Mon Dec  2 13:29:41 2024
 - duplcont.cc:30
20241202 19:29:41.184449 UTC 4219643 DEBUG [getItem] GET key_115 value_115 Mon Dec  2 13:29:41 2024
 - duplcont.cc:30
20241202 19:29:41.184541 UTC 4219643 DEBUG [putItem] PUT key_119 value_119 Mon Dec  2 13:29:41 2024
 - duplcont.cc:86
20241202 19:29:41.184766 UTC 4219643 DEBUG [putItem] PUT key_120 value_120 Mon Dec  2 13:29:41 2024
 - duplcont.cc:86
20241202 19:29:41.185305 UTC 4219643 DEBUG [getItem] GET key_120 value_120 Mon Dec  2 13:29:41 2024
 - duplcont.cc:30
20241202 19:29:41.185433 UTC 4219643 DEBUG [putItem] PUT key_118 value_118 Mon Dec  2 13:29:41 2024
 - duplcont.cc:86
20241202 19:29:41.185449 UTC 4219643 DEBUG [getItem] GET key_119 value_119 Mon Dec  2 13:29:41 2024
 - duplcont.cc:30
20241202 19:29:41.187242 UTC 4219643 DEBUG [getItem] GET key_122 value_122 Mon Dec  2 13:29:41 2024
 - duplcont.cc:30
20241202 19:29:41.188922 UTC 4219643 DEBUG [putItem] PUT key_122 value_122 Mon Dec  2 13:29:41 2024
 - duplcont.cc:86
20241202 19:29:41.191830 UTC 4219643 DEBUG [putItem] PUT key_127 value_127 Mon Dec  2 13:29:41 2024
 - duplcont.cc:86
20241202 19:29:41.193075 UTC 4219643 DEBUG [getItem] GET key_128 value_128 Mon Dec  2 13:29:41 2024
 - duplcont.cc:30
20241202 19:29:41.193609 UTC 4219643 DEBUG [getItem] GET key_127 value_127 Mon Dec  2 13:29:41 2024
 - duplcont.cc:30
20241202 19:29:41.194843 UTC 4219643 DEBUG [putItem] PUT key_128 value_128 Mon Dec  2 13:29:41 2024
 - duplcont.cc:86
20241202 19:29:41.200822 UTC 4219643 DEBUG [putItem] PUT key_135 value_135 Mon Dec  2 13:29:41 2024
 - duplcont.cc:86
20241202 19:29:41.200855 UTC 4219643 DEBUG [getItem] GET key_135 value_135 Mon Dec  2 13:29:41 2024
 - duplcont.cc:30
20241202 19:29:41.201138 UTC 4219643 DEBUG [getItem] GET key_133 value_133 Mon Dec  2 13:29:41 2024
 - duplcont.cc:30
20241202 19:29:41.201393 UTC 4219643 DEBUG [putItem] PUT key_133 value_133 Mon Dec  2 13:29:41 2024
 - duplcont.cc:86
20241202 19:29:41.203401 UTC 4219643 DEBUG [putItem] PUT key_137 value_137 Mon Dec  2 13:29:41 2024
 - duplcont.cc:86
20241202 19:29:41.203851 UTC 4219643 DEBUG [putItem] PUT key_138 value_138 Mon Dec  2 13:29:41 2024
 - duplcont.cc:86
20241202 19:29:41.204877 UTC 4219643 DEBUG [getItem] GET key_137 value_137 Mon Dec  2 13:29:41 2024
 - duplcont.cc:30
20241202 19:29:41.206506 UTC 4219643 DEBUG [getItem] GET key_140 value_140 Mon Dec  2 13:29:41 2024
 - duplcont.cc:30
20241202 19:29:41.206521 UTC 4219643 DEBUG [getItem] GET key_138 value_138 Mon Dec  2 13:29:41 2024
 - duplcont.cc:30
20241202 19:29:41.206712 UTC 4219643 DEBUG [putItem] PUT key_140 value_140 Mon Dec  2 13:29:41 2024
 - duplcont.cc:86
20241202 19:29:41.208149 UTC 4219643 DEBUG [putItem] PUT key_142 value_142 Mon Dec  2 13:29:41 2024
 - duplcont.cc:86
20241202 19:29:41.210671 UTC 4219643 DEBUG [getItem] GET key_142 value_142 Mon Dec  2 13:29:41 2024
 - duplcont.cc:30
20241202 19:29:41.210697 UTC 4219643 DEBUG [getItem] GET key_145 value_145 Mon Dec  2 13:29:41 2024
 - duplcont.cc:30
20241202 19:29:41.213146 UTC 4219643 DEBUG [putItem] PUT key_145 value_145 Mon Dec  2 13:29:41 2024
 - duplcont.cc:86
20241202 19:29:41.214358 UTC 4219643 DEBUG [getItem] GET key_149 value_149 Mon Dec  2 13:29:41 2024
 - duplcont.cc:30
20241202 19:29:41.215007 UTC 4219643 DEBUG [putItem] PUT key_149 value_149 Mon Dec  2 13:29:41 2024
 - duplcont.cc:86
20241202 19:29:41.215351 UTC 4219643 DEBUG [putItem] PUT key_150 value_150 Mon Dec  2 13:29:41 2024
 - duplcont.cc:86
20241202 19:29:41.216958 UTC 4219643 DEBUG [getItem] GET key_150 value_150 Mon Dec  2 13:29:41 2024
 - duplcont.cc:30
20241202 19:29:41.217979 UTC 4219643 DEBUG [getItem] GET key_154 value_154 Mon Dec  2 13:29:41 2024
 - duplcont.cc:30
20241202 19:29:41.218744 UTC 4219643 DEBUG [getItem] GET key_153 value_153 Mon Dec  2 13:29:41 2024
 - duplcont.cc:30
20241202 19:29:41.218886 UTC 4219643 DEBUG [getItem] GET key_155 value_155 Mon Dec  2 13:29:41 2024
 - duplcont.cc:30
20241202 19:29:41.219230 UTC 4219643 DEBUG [putItem] PUT key_153 value_153 Mon Dec  2 13:29:41 2024
 - duplcont.cc:86
20241202 19:29:41.219795 UTC 4219643 DEBUG [putItem] PUT key_154 value_154 Mon Dec  2 13:29:41 2024
 - duplcont.cc:86
20241202 19:29:41.222237 UTC 4219643 DEBUG [putItem] PUT key_155 value_155 Mon Dec  2 13:29:41 2024
 - duplcont.cc:86
20241202 19:29:41.222331 UTC 4219643 DEBUG [putItem] PUT key_159 value_159 Mon Dec  2 13:29:41 2024
 - duplcont.cc:86
20241202 19:29:41.223131 UTC 4219643 DEBUG [getItem] GET key_157 value_157 Mon Dec  2 13:29:41 2024
 - duplcont.cc:30
20241202 19:29:41.223573 UTC 4219643 DEBUG [getItem] GET key_159 value_159 Mon Dec  2 13:29:41 2024
 - duplcont.cc:30
20241202 19:29:41.224938 UTC 4219643 DEBUG [putItem] PUT key_157 value_157 Mon Dec  2 13:29:41 2024
 - duplcont.cc:86
20241202 19:29:41.226292 UTC 4219643 DEBUG [putItem] PUT key_164 value_164 Mon Dec  2 13:29:41 2024
 - duplcont.cc:86
20241202 19:29:41.228590 UTC 4219643 DEBUG [getItem] GET key_165 value_165 Mon Dec  2 13:29:41 2024
 - duplcont.cc:30
20241202 19:29:41.229099 UTC 4219643 DEBUG [getItem] GET key_167 value_167 Mon Dec  2 13:29:41 2024
 - duplcont.cc:30
20241202 19:29:41.229262 UTC 4219643 DEBUG [getItem] GET key_164 value_164 Mon Dec  2 13:29:41 2024
 - duplcont.cc:30
20241202 19:29:41.230444 UTC 4219643 DEBUG [putItem] PUT key_165 value_165 Mon Dec  2 13:29:41 2024
 - duplcont.cc:86
20241202 19:29:41.231031 UTC 4219643 DEBUG [putItem] PUT key_167 value_167 Mon Dec  2 13:29:41 2024
 - duplcont.cc:86
20241202 19:29:41.231642 UTC 4219643 DEBUG [putItem] PUT key_169 value_169 Mon Dec  2 13:29:41 2024
 - duplcont.cc:86
20241202 19:29:41.233221 UTC 4219643 DEBUG [getItem] GET key_169 value_169 Mon Dec  2 13:29:41 2024
 - duplcont.cc:30
20241202 19:29:41.234823 UTC 4219643 DEBUG [putItem] PUT key_172 value_172 Mon Dec  2 13:29:41 2024
 - duplcont.cc:86
20241202 19:29:41.236254 UTC 4219643 DEBUG [getItem] GET key_172 value_172 Mon Dec  2 13:29:41 2024
 - duplcont.cc:30
20241202 19:29:41.236326 UTC 4219643 DEBUG [getItem] GET key_173 value_173 Mon Dec  2 13:29:41 2024
 - duplcont.cc:30
20241202 19:29:41.237213 UTC 4219643 DEBUG [putItem] PUT key_173 value_173 Mon Dec  2 13:29:41 2024
 - duplcont.cc:86
20241202 19:29:41.237942 UTC 4219643 DEBUG [getItem] GET key_176 value_176 Mon Dec  2 13:29:41 2024
 - duplcont.cc:30
20241202 19:29:41.238096 UTC 4219643 DEBUG [putItem] PUT key_174 value_174 Mon Dec  2 13:29:41 2024
 - duplcont.cc:86
20241202 19:29:41.239311 UTC 4219643 DEBUG [putItem] PUT key_177 value_177 Mon Dec  2 13:29:41 2024
 - duplcont.cc:86
20241202 19:29:41.239328 UTC 4219643 DEBUG [getItem] GET key_174 value_174 Mon Dec  2 13:29:41 2024
 - duplcont.cc:30
20241202 19:29:41.239913 UTC 4219643 DEBUG [putItem] PUT key_176 value_176 Mon Dec  2 13:29:41 2024
 - duplcont.cc:86
20241202 19:29:41.240163 UTC 4219643 DEBUG [getItem] GET key_177 value_177 Mon Dec  2 13:29:41 2024
 - duplcont.cc:30
20241202 19:29:41.242852 UTC 4219643 DEBUG [getItem] GET key_180 value_180 Mon Dec  2 13:29:41 2024
 - duplcont.cc:30
20241202 19:29:41.243403 UTC 4219643 DEBUG [putItem] PUT key_180 value_180 Mon Dec  2 13:29:41 2024
 - duplcont.cc:86
20241202 19:29:41.244525 UTC 4219643 DEBUG [putItem] PUT key_183 value_183 Mon Dec  2 13:29:41 2024
 - duplcont.cc:86
20241202 19:29:41.247080 UTC 4219643 DEBUG [getItem] GET key_184 value_184 Mon Dec  2 13:29:41 2024
 - duplcont.cc:30
20241202 19:29:41.248141 UTC 4219643 DEBUG [getItem] GET key_186 value_186 Mon Dec  2 13:29:41 2024
 - duplcont.cc:30
20241202 19:29:41.248396 UTC 4219643 DEBUG [putItem] PUT key_184 value_184 Mon Dec  2 13:29:41 2024
 - duplcont.cc:86
20241202 19:29:41.248638 UTC 4219643 DEBUG [putItem] PUT key_187 value_187 Mon Dec  2 13:29:41 2024
 - duplcont.cc:86
20241202 19:29:41.249801 UTC 4219643 DEBUG [getItem] GET key_187 value_187 Mon Dec  2 13:29:41 2024
 - duplcont.cc:30
20241202 19:29:41.249816 UTC 4219643 DEBUG [getItem] GET key_183 value_183 Mon Dec  2 13:29:41 2024
 - duplcont.cc:30
20241202 19:29:41.249867 UTC 4219643 DEBUG [putItem] PUT key_186 value_186 Mon Dec  2 13:29:41 2024
 - duplcont.cc:86
20241202 19:29:41.252144 UTC 4219643 DEBUG [putItem] PUT key_191 value_191 Mon Dec  2 13:29:41 2024
 - duplcont.cc:86
20241202 19:29:41.253225 UTC 4219643 DEBUG [getItem] GET key_191 value_191 Mon Dec  2 13:29:41 2024
 - duplcont.cc:30
20241202 19:29:41.256690 UTC 4219643 DEBUG [putItem] PUT key_196 value_196 Mon Dec  2 13:29:41 2024
 - duplcont.cc:86
20241202 19:29:41.258264 UTC 4219643 DEBUG [getItem] GET key_196 value_196 Mon Dec  2 13:29:41 2024
 - duplcont.cc:30
20241202 19:29:41.258284 UTC 4219643 DEBUG [putItem] PUT key_195 value_195 Mon Dec  2 13:29:41 2024
 - duplcont.cc:86
20241202 19:29:41.258348 UTC 4219643 DEBUG [putItem] PUT key_199 value_199 Mon Dec  2 13:29:41 2024
 - duplcont.cc:86
20241202 19:29:41.258364 UTC 4219643 DEBUG [getItem] GET key_195 value_195 Mon Dec  2 13:29:41 2024
 - duplcont.cc:30
20241202 19:29:41.258888 UTC 4219643 DEBUG [getItem] GET key_198 value_198 Mon Dec  2 13:29:41 2024
 - duplcont.cc:30
20241202 19:29:41.258934 UTC 4219643 DEBUG [putItem] PUT key_198 value_198 Mon Dec  2 13:29:41 2024
 - duplcont.cc:86
20241202 19:29:41.260110 UTC 4219643 DEBUG [getItem] GET key_199 value_199 Mon Dec  2 13:29:41 2024
 - duplcont.cc:30
20241202 19:29:41.262528 UTC 4219643 DEBUG [putItem] PUT key_200 value_200 Mon Dec  2 13:29:41 2024
 - duplcont.cc:86
20241202 19:29:41.262857 UTC 4219643 DEBUG [putItem] PUT key_202 value_202 Mon Dec  2 13:29:41 2024
 - duplcont.cc:86
20241202 19:29:41.263031 UTC 4219643 DEBUG [getItem] GET key_200 value_200 Mon Dec  2 13:29:41 2024
 - duplcont.cc:30
20241202 19:29:41.263790 UTC 4219643 DEBUG [putItem] PUT key_205 value_205 Mon Dec  2 13:29:41 2024
 - duplcont.cc:86
20241202 19:29:41.264963 UTC 4219643 DEBUG [getItem] GET key_204 value_204 Mon Dec  2 13:29:41 2024
 - duplcont.cc:30
20241202 19:29:41.266429 UTC 4219643 DEBUG [getItem] GET key_205 value_205 Mon Dec  2 13:29:41 2024
 - duplcont.cc:30
20241202 19:29:41.266487 UTC 4219643 DEBUG [putItem] PUT key_204 value_204 Mon Dec  2 13:29:41 2024
 - duplcont.cc:86
20241202 19:29:41.267143 UTC 4219643 DEBUG [getItem] GET key_208 value_208 Mon Dec  2 13:29:41 2024
 - duplcont.cc:30
20241202 19:29:41.267949 UTC 4219643 DEBUG [getItem] GET key_202 value_202 Mon Dec  2 13:29:41 2024
 - duplcont.cc:30
20241202 19:29:41.269582 UTC 4219643 DEBUG [putItem] PUT key_208 value_208 Mon Dec  2 13:29:41 2024
 - duplcont.cc:86
20241202 19:29:41.270812 UTC 4219643 DEBUG [putItem] PUT key_212 value_212 Mon Dec  2 13:29:41 2024
 - duplcont.cc:86
20241202 19:29:41.272336 UTC 4219643 DEBUG [getItem] GET key_213 value_213 Mon Dec  2 13:29:41 2024
 - duplcont.cc:30
20241202 19:29:41.273880 UTC 4219643 DEBUG [putItem] PUT key_213 value_213 Mon Dec  2 13:29:41 2024
 - duplcont.cc:86
20241202 19:29:41.274659 UTC 4219643 DEBUG [getItem] GET key_212 value_212 Mon Dec  2 13:29:41 2024
 - duplcont.cc:30
20241202 19:29:41.274677 UTC 4219643 DEBUG [putItem] PUT key_214 value_214 Mon Dec  2 13:29:41 2024
 - duplcont.cc:86
20241202 19:29:41.275690 UTC 4219643 DEBUG [getItem] GET key_214 value_214 Mon Dec  2 13:29:41 2024
 - duplcont.cc:30
20241202 19:29:41.276024 UTC 4219643 DEBUG [putItem] PUT key_216 value_216 Mon Dec  2 13:29:41 2024
 - duplcont.cc:86
20241202 19:29:41.276101 UTC 4219643 DEBUG [getItem] GET key_216 value_216 Mon Dec  2 13:29:41 2024
 - duplcont.cc:30
20241202 19:29:41.277729 UTC 4219643 DEBUG [putItem] PUT key_218 value_218 Mon Dec  2 13:29:41 2024
 - duplcont.cc:86
20241202 19:29:41.279085 UTC 4219643 DEBUG [putItem] PUT key_219 value_219 Mon Dec  2 13:29:41 2024
 - duplcont.cc:86
20241202 19:29:41.279434 UTC 4219643 DEBUG [getItem] GET key_218 value_218 Mon Dec  2 13:29:41 2024
 - duplcont.cc:30
20241202 19:29:41.280626 UTC 4219643 DEBUG [getItem] GET key_219 value_219 Mon Dec  2 13:29:41 2024
 - duplcont.cc:30
20241202 19:29:41.281894 UTC 4219643 DEBUG [getItem] GET key_221 value_221 Mon Dec  2 13:29:41 2024
 - duplcont.cc:30
20241202 19:29:41.283389 UTC 4219643 DEBUG [putItem] PUT key_221 value_221 Mon Dec  2 13:29:41 2024
 - duplcont.cc:86
20241202 19:29:41.284025 UTC 4219643 DEBUG [putItem] PUT key_225 value_225 Mon Dec  2 13:29:41 2024
 - duplcont.cc:86
20241202 19:29:41.284158 UTC 4219643 DEBUG [getItem] GET key_225 value_225 Mon Dec  2 13:29:41 2024
 - duplcont.cc:30
20241202 19:29:41.286167 UTC 4219643 DEBUG [getItem] GET key_228 value_228 Mon Dec  2 13:29:41 2024
 - duplcont.cc:30
20241202 19:29:41.286654 UTC 4219643 DEBUG [putItem] PUT key_228 value_228 Mon Dec  2 13:29:41 2024
 - duplcont.cc:86
20241202 19:29:41.290819 UTC 4219643 DEBUG [putItem] PUT key_232 value_232 Mon Dec  2 13:29:41 2024
 - duplcont.cc:86
20241202 19:29:41.290949 UTC 4219643 DEBUG [getItem] GET key_232 value_232 Mon Dec  2 13:29:41 2024
 - duplcont.cc:30
20241202 19:29:41.292686 UTC 4219643 DEBUG [getItem] GET key_234 value_234 Mon Dec  2 13:29:41 2024
 - duplcont.cc:30
20241202 19:29:41.293206 UTC 4219643 DEBUG [putItem] PUT key_235 value_235 Mon Dec  2 13:29:41 2024
 - duplcont.cc:86
20241202 19:29:41.293223 UTC 4219643 DEBUG [putItem] PUT key_234 value_234 Mon Dec  2 13:29:41 2024
 - duplcont.cc:86
20241202 19:29:41.295042 UTC 4219643 DEBUG [getItem] GET key_238 value_238 Mon Dec  2 13:29:41 2024
 - duplcont.cc:30
20241202 19:29:41.295317 UTC 4219643 DEBUG [getItem] GET key_235 value_235 Mon Dec  2 13:29:41 2024
 - duplcont.cc:30
20241202 19:29:41.295341 UTC 4219643 DEBUG [putItem] PUT key_238 value_238 Mon Dec  2 13:29:41 2024
 - duplcont.cc:86
20241202 19:29:41.295749 UTC 4219643 DEBUG [putItem] PUT key_239 value_239 Mon Dec  2 13:29:41 2024
 - duplcont.cc:86
20241202 19:29:41.295830 UTC 4219643 DEBUG [putItem] PUT key_237 value_237 Mon Dec  2 13:29:41 2024
 - duplcont.cc:86
20241202 19:29:41.296731 UTC 4219643 DEBUG [getItem] GET key_239 value_239 Mon Dec  2 13:29:41 2024
 - duplcont.cc:30
20241202 19:29:41.298982 UTC 4219643 DEBUG [getItem] GET key_237 value_237 Mon Dec  2 13:29:41 2024
 - duplcont.cc:30
20241202 19:29:41.299326 UTC 4219643 DEBUG [putItem] PUT key_243 value_243 Mon Dec  2 13:29:41 2024
 - duplcont.cc:86
20241202 19:29:41.300810 UTC 4219643 DEBUG [getItem] GET key_243 value_243 Mon Dec  2 13:29:41 2024
 - duplcont.cc:30
20241202 19:29:41.305250 UTC 4219643 DEBUG [putItem] PUT key_250 value_250 Mon Dec  2 13:29:41 2024
 - duplcont.cc:86
20241202 19:29:41.305624 UTC 4219643 DEBUG [getItem] GET key_249 value_249 Mon Dec  2 13:29:41 2024
 - duplcont.cc:30
20241202 19:29:41.307285 UTC 4219643 DEBUG [getItem] GET key_250 value_250 Mon Dec  2 13:29:41 2024
 - duplcont.cc:30
20241202 19:29:41.307340 UTC 4219643 DEBUG [getItem] GET key_251 value_251 Mon Dec  2 13:29:41 2024
 - duplcont.cc:30
20241202 19:29:41.307976 UTC 4219643 DEBUG [putItem] PUT key_249 value_249 Mon Dec  2 13:29:41 2024
 - duplcont.cc:86
20241202 19:29:41.309264 UTC 4219643 DEBUG [putItem] PUT key_251 value_251 Mon Dec  2 13:29:41 2024
 - duplcont.cc:86
20241202 19:29:41.309373 UTC 4219643 DEBUG [getItem] GET key_253 value_253 Mon Dec  2 13:29:41 2024
 - duplcont.cc:30
20241202 19:29:41.311309 UTC 4219643 DEBUG [putItem] PUT key_255 value_255 Mon Dec  2 13:29:41 2024
 - duplcont.cc:86
20241202 19:29:41.311332 UTC 4219643 DEBUG [getItem] GET key_255 value_255 Mon Dec  2 13:29:41 2024
 - duplcont.cc:30
20241202 19:29:41.311348 UTC 4219643 DEBUG [putItem] PUT key_256 value_256 Mon Dec  2 13:29:41 2024
 - duplcont.cc:86
20241202 19:29:41.311454 UTC 4219643 DEBUG [putItem] PUT key_253 value_253 Mon Dec  2 13:29:41 2024
 - duplcont.cc:86
20241202 19:29:41.311525 UTC 4219643 DEBUG [getItem] GET key_257 value_257 Mon Dec  2 13:29:41 2024
 - duplcont.cc:30
20241202 19:29:41.311541 UTC 4219643 DEBUG [getItem] GET key_256 value_256 Mon Dec  2 13:29:41 2024
 - duplcont.cc:30
20241202 19:29:41.312820 UTC 4219643 DEBUG [putItem] PUT key_258 value_258 Mon Dec  2 13:29:41 2024
 - duplcont.cc:86
20241202 19:29:41.312948 UTC 4219643 DEBUG [putItem] PUT key_257 value_257 Mon Dec  2 13:29:41 2024
 - duplcont.cc:86
20241202 19:29:41.314908 UTC 4219643 DEBUG [getItem] GET key_260 value_260 Mon Dec  2 13:29:41 2024
 - duplcont.cc:30
20241202 19:29:41.315987 UTC 4219643 DEBUG [getItem] GET key_258 value_258 Mon Dec  2 13:29:41 2024
 - duplcont.cc:30
20241202 19:29:41.316005 UTC 4219643 DEBUG [putItem] PUT key_260 value_260 Mon Dec  2 13:29:41 2024
 - duplcont.cc:86
20241202 19:29:41.316881 UTC 4219643 DEBUG [putItem] PUT key_263 value_263 Mon Dec  2 13:29:41 2024
 - duplcont.cc:86
20241202 19:29:41.317339 UTC 4219643 DEBUG [putItem] PUT key_261 value_261 Mon Dec  2 13:29:41 2024
 - duplcont.cc:86
20241202 19:29:41.318165 UTC 4219643 DEBUG [getItem] GET key_261 value_261 Mon Dec  2 13:29:41 2024
 - duplcont.cc:30
20241202 19:29:41.318669 UTC 4219643 DEBUG [getItem] GET key_264 value_264 Mon Dec  2 13:29:41 2024
 - duplcont.cc:30
20241202 19:29:41.318882 UTC 4219643 DEBUG [putItem] PUT key_265 value_265 Mon Dec  2 13:29:41 2024
 - duplcont.cc:86
20241202 19:29:41.318902 UTC 4219643 DEBUG [getItem] GET key_265 value_265 Mon Dec  2 13:29:41 2024
 - duplcont.cc:30
20241202 19:29:41.319880 UTC 4219643 DEBUG [getItem] GET key_263 value_263 Mon Dec  2 13:29:41 2024
 - duplcont.cc:30
20241202 19:29:41.320591 UTC 4219643 DEBUG [putItem] PUT key_264 value_264 Mon Dec  2 13:29:41 2024
 - duplcont.cc:86
20241202 19:29:41.323251 UTC 4219643 DEBUG [getItem] GET key_269 value_269 Mon Dec  2 13:29:41 2024
 - duplcont.cc:30
20241202 19:29:41.323331 UTC 4219643 DEBUG [putItem] PUT key_269 value_269 Mon Dec  2 13:29:41 2024
 - duplcont.cc:86
20241202 19:29:41.323421 UTC 4219643 DEBUG [putItem] PUT key_268 value_268 Mon Dec  2 13:29:41 2024
 - duplcont.cc:86
20241202 19:29:41.323437 UTC 4219643 DEBUG [getItem] GET key_268 value_268 Mon Dec  2 13:29:41 2024
 - duplcont.cc:30
20241202 19:29:41.324521 UTC 4219643 DEBUG [getItem] GET key_271 value_271 Mon Dec  2 13:29:41 2024
 - duplcont.cc:30
20241202 19:29:41.327183 UTC 4219643 DEBUG [putItem] PUT key_271 value_271 Mon Dec  2 13:29:41 2024
 - duplcont.cc:86
20241202 19:29:41.329784 UTC 4219643 DEBUG [getItem] GET key_277 value_277 Mon Dec  2 13:29:41 2024
 - duplcont.cc:30
20241202 19:29:41.330073 UTC 4219643 DEBUG [putItem] PUT key_277 value_277 Mon Dec  2 13:29:41 2024
 - duplcont.cc:86
20241202 19:29:41.336253 UTC 4219643 DEBUG [putItem] PUT key_283 value_283 Mon Dec  2 13:29:41 2024
 - duplcont.cc:86
20241202 19:29:41.336274 UTC 4219643 DEBUG [getItem] GET key_285 value_285 Mon Dec  2 13:29:41 2024
 - duplcont.cc:30
20241202 19:29:41.336610 UTC 4219643 DEBUG [getItem] GET key_283 value_283 Mon Dec  2 13:29:41 2024
 - duplcont.cc:30
20241202 19:29:41.337380 UTC 4219643 DEBUG [putItem] PUT key_284 value_284 Mon Dec  2 13:29:41 2024
 - duplcont.cc:86
20241202 19:29:41.338137 UTC 4219643 DEBUG [putItem] PUT key_286 value_286 Mon Dec  2 13:29:41 2024
 - duplcont.cc:86
20241202 19:29:41.338153 UTC 4219643 DEBUG [getItem] GET key_284 value_284 Mon Dec  2 13:29:41 2024
 - duplcont.cc:30
20241202 19:29:41.338913 UTC 4219643 DEBUG [getItem] GET key_286 value_286 Mon Dec  2 13:29:41 2024
 - duplcont.cc:30
20241202 19:29:41.339173 UTC 4219643 DEBUG [putItem] PUT key_285 value_285 Mon Dec  2 13:29:41 2024
 - duplcont.cc:86
20241202 19:29:41.340187 UTC 4219643 DEBUG [getItem] GET key_287 value_287 Mon Dec  2 13:29:41 2024
 - duplcont.cc:30
20241202 19:29:41.344607 UTC 4219643 DEBUG [putItem] PUT key_293 value_293 Mon Dec  2 13:29:41 2024
 - duplcont.cc:86
20241202 19:29:41.344871 UTC 4219643 DEBUG [putItem] PUT key_287 value_287 Mon Dec  2 13:29:41 2024
 - duplcont.cc:86
20241202 19:29:41.345574 UTC 4219643 DEBUG [putItem] PUT key_294 value_294 Mon Dec  2 13:29:41 2024
 - duplcont.cc:86
20241202 19:29:41.347011 UTC 4219643 DEBUG [getItem] GET key_293 value_293 Mon Dec  2 13:29:41 2024
 - duplcont.cc:30
20241202 19:29:41.347271 UTC 4219643 DEBUG [getItem] GET key_294 value_294 Mon Dec  2 13:29:41 2024
 - duplcont.cc:30
20241202 19:29:41.347564 UTC 4219643 DEBUG [getItem] GET key_296 value_296 Mon Dec  2 13:29:41 2024
 - duplcont.cc:30
20241202 19:29:41.348338 UTC 4219643 DEBUG [putItem] PUT key_296 value_296 Mon Dec  2 13:29:41 2024
 - duplcont.cc:86
20241202 19:29:41.348511 UTC 4219643 DEBUG [getItem] GET key_298 value_298 Mon Dec  2 13:29:41 2024
 - duplcont.cc:30
20241202 19:29:41.348889 UTC 4219643 DEBUG [putItem] PUT key_298 value_298 Mon Dec  2 13:29:41 2024
 - duplcont.cc:86
20241202 19:29:50.257449 UTC 4219640 WARN  SIGINT signal received. - HttpAppFrameworkImpl.cc:177
