20241121 21:31:58.381515 UTC 11822436 DEBUG [putItem] PUT key_0 value_0 Thu Nov 21 15:31:58 2024
 - duplcont.cc:86
20241121 21:31:58.382162 UTC 11822436 DEBUG [putItem] PUT key_1 value_1 Thu Nov 21 15:31:58 2024
 - duplcont.cc:86
20241121 21:31:58.382183 UTC 11822436 DEBUG [getItem] GET key_1 value_1 Thu Nov 21 15:31:58 2024
 - duplcont.cc:30
20241121 21:31:58.382199 UTC 11822436 DEBUG [getItem] GET key_0 value_0 Thu Nov 21 15:31:58 2024
 - duplcont.cc:30
20241121 21:31:58.399821 UTC 11822436 DEBUG [putItem] PUT key_6 value_6 Thu Nov 21 15:31:58 2024
 - duplcont.cc:86
20241121 21:31:58.399860 UTC 11822436 DEBUG [getItem] GET key_6 value_6 Thu Nov 21 15:31:58 2024
 - duplcont.cc:30
20241121 21:31:58.399965 UTC 11822436 DEBUG [putItem] PUT key_9 value_9 Thu Nov 21 15:31:58 2024
 - duplcont.cc:86
20241121 21:31:58.400304 UTC 11822436 DEBUG [getItem] GET key_9 value_9 Thu Nov 21 15:31:58 2024
 - duplcont.cc:30
20241121 21:31:58.414083 UTC 11822436 DEBUG [putItem] PUT key_13 value_13 Thu Nov 21 15:31:58 2024
 - duplcont.cc:86
20241121 21:31:58.414942 UTC 11822436 DEBUG [getItem] GET key_11 value_not_found Thu Nov 21 15:31:58 2024
 - duplcont.cc:41
20241121 21:31:58.414968 UTC 11822436 DEBUG [getItem] GET key_14 value_not_found Thu Nov 21 15:31:58 2024
 - duplcont.cc:41
20241121 21:31:58.415026 UTC 11822436 DEBUG [getItem] GET key_13 value_13 Thu Nov 21 15:31:58 2024
 - duplcont.cc:30
20241121 21:31:58.415586 UTC 11822436 DEBUG [putItem] PUT key_11 value_11 Thu Nov 21 15:31:58 2024
 - duplcont.cc:86
20241121 21:31:58.417333 UTC 11822436 DEBUG [putItem] PUT key_14 value_14 Thu Nov 21 15:31:58 2024
 - duplcont.cc:86
20241121 21:31:58.430226 UTC 11822436 DEBUG [getItem] GET key_20 value_not_found Thu Nov 21 15:31:58 2024
 - duplcont.cc:41
20241121 21:31:58.430455 UTC 11822436 DEBUG [putItem] PUT key_19 value_19 Thu Nov 21 15:31:58 2024
 - duplcont.cc:86
20241121 21:31:58.430982 UTC 11822436 DEBUG [getItem] GET key_19 value_19 Thu Nov 21 15:31:58 2024
 - duplcont.cc:30
20241121 21:31:58.431064 UTC 11822436 DEBUG [putItem] PUT key_20 value_20 Thu Nov 21 15:31:58 2024
 - duplcont.cc:86
20241121 21:31:58.433349 UTC 11822436 DEBUG [getItem] GET key_23 value_not_found Thu Nov 21 15:31:58 2024
 - duplcont.cc:41
20241121 21:31:58.434353 UTC 11822436 DEBUG [putItem] PUT key_23 value_23 Thu Nov 21 15:31:58 2024
 - duplcont.cc:86
20241121 21:31:58.442993 UTC 11822436 DEBUG [getItem] GET key_24 value_not_found Thu Nov 21 15:31:58 2024
 - duplcont.cc:41
20241121 21:31:58.445027 UTC 11822436 DEBUG [putItem] PUT key_24 value_24 Thu Nov 21 15:31:58 2024
 - duplcont.cc:86
20241121 21:31:58.445061 UTC 11822436 DEBUG [getItem] GET key_27 value_not_found Thu Nov 21 15:31:58 2024
 - duplcont.cc:41
20241121 21:31:58.445201 UTC 11822436 DEBUG [putItem] PUT key_27 value_27 Thu Nov 21 15:31:58 2024
 - duplcont.cc:86
20241121 21:31:58.457533 UTC 11822436 DEBUG [getItem] GET key_33 value_not_found Thu Nov 21 15:31:58 2024
 - duplcont.cc:41
20241121 21:31:58.457613 UTC 11822436 DEBUG [putItem] PUT key_33 value_33 Thu Nov 21 15:31:58 2024
 - duplcont.cc:86
20241121 21:31:58.458111 UTC 11822436 DEBUG [getItem] GET key_34 value_not_found Thu Nov 21 15:31:58 2024
 - duplcont.cc:41
20241121 21:31:58.459824 UTC 11822436 DEBUG [putItem] PUT key_34 value_34 Thu Nov 21 15:31:58 2024
 - duplcont.cc:86
20241121 21:31:58.468403 UTC 11822436 DEBUG [getItem] GET key_39 value_not_found Thu Nov 21 15:31:58 2024
 - duplcont.cc:41
20241121 21:31:58.468438 UTC 11822436 DEBUG [putItem] PUT key_39 value_39 Thu Nov 21 15:31:58 2024
 - duplcont.cc:86
20241121 21:31:58.471852 UTC 11822436 DEBUG [putItem] PUT key_42 value_42 Thu Nov 21 15:31:58 2024
 - duplcont.cc:86
20241121 21:31:58.471877 UTC 11822436 DEBUG [getItem] GET key_42 value_42 Thu Nov 21 15:31:58 2024
 - duplcont.cc:30
20241121 21:31:58.473334 UTC 11822436 DEBUG [putItem] PUT key_43 value_43 Thu Nov 21 15:31:58 2024
 - duplcont.cc:86
20241121 21:31:58.474527 UTC 11822436 DEBUG [getItem] GET key_43 value_43 Thu Nov 21 15:31:58 2024
 - duplcont.cc:30
20241121 21:31:58.481706 UTC 11822436 DEBUG [putItem] PUT key_46 value_46 Thu Nov 21 15:31:58 2024
 - duplcont.cc:86
20241121 21:31:58.481835 UTC 11822436 DEBUG [getItem] GET key_46 value_46 Thu Nov 21 15:31:58 2024
 - duplcont.cc:30
20241121 21:31:58.485475 UTC 11822436 DEBUG [putItem] PUT key_49 value_49 Thu Nov 21 15:31:58 2024
 - duplcont.cc:86
20241121 21:31:58.485497 UTC 11822436 DEBUG [getItem] GET key_49 value_49 Thu Nov 21 15:31:58 2024
 - duplcont.cc:30
20241121 21:31:58.491465 UTC 11822436 DEBUG [getItem] GET key_51 value_not_found Thu Nov 21 15:31:58 2024
 - duplcont.cc:41
20241121 21:31:58.491558 UTC 11822436 DEBUG [putItem] PUT key_51 value_51 Thu Nov 21 15:31:58 2024
 - duplcont.cc:86
20241121 21:31:58.500614 UTC 11822436 DEBUG [getItem] GET key_57 value_not_found Thu Nov 21 15:31:58 2024
 - duplcont.cc:41
20241121 21:31:58.500645 UTC 11822436 DEBUG [putItem] PUT key_57 value_57 Thu Nov 21 15:31:58 2024
 - duplcont.cc:86
20241121 21:31:58.500662 UTC 11822436 DEBUG [putItem] PUT key_58 value_58 Thu Nov 21 15:31:58 2024
 - duplcont.cc:86
20241121 21:31:58.501553 UTC 11822436 DEBUG [getItem] GET key_58 value_58 Thu Nov 21 15:31:58 2024
 - duplcont.cc:30
20241121 21:31:58.501935 UTC 11822436 DEBUG [putItem] PUT key_59 value_59 Thu Nov 21 15:31:58 2024
 - duplcont.cc:86
20241121 21:31:58.503029 UTC 11822436 DEBUG [getItem] GET key_59 value_59 Thu Nov 21 15:31:58 2024
 - duplcont.cc:30
20241121 21:31:58.506033 UTC 11822436 DEBUG [putItem] PUT key_61 value_61 Thu Nov 21 15:31:58 2024
 - duplcont.cc:86
20241121 21:31:58.507063 UTC 11822436 DEBUG [getItem] GET key_61 value_61 Thu Nov 21 15:31:58 2024
 - duplcont.cc:30
20241121 21:31:58.510069 UTC 11822436 DEBUG [putItem] PUT key_63 value_63 Thu Nov 21 15:31:58 2024
 - duplcont.cc:86
20241121 21:31:58.510133 UTC 11822436 DEBUG [getItem] GET key_63 value_63 Thu Nov 21 15:31:58 2024
 - duplcont.cc:30
20241121 21:31:58.511070 UTC 11822436 DEBUG [putItem] PUT key_64 value_64 Thu Nov 21 15:31:58 2024
 - duplcont.cc:86
20241121 21:31:58.512279 UTC 11822436 DEBUG [getItem] GET key_64 value_64 Thu Nov 21 15:31:58 2024
 - duplcont.cc:30
20241121 21:31:58.520082 UTC 11822436 DEBUG [putItem] PUT key_69 value_69 Thu Nov 21 15:31:58 2024
 - duplcont.cc:86
20241121 21:31:58.521267 UTC 11822436 DEBUG [getItem] GET key_69 value_69 Thu Nov 21 15:31:58 2024
 - duplcont.cc:30
20241121 21:31:58.523266 UTC 11822436 DEBUG [putItem] PUT key_70 value_70 Thu Nov 21 15:31:58 2024
 - duplcont.cc:86
20241121 21:31:58.523287 UTC 11822436 DEBUG [getItem] GET key_70 value_70 Thu Nov 21 15:31:58 2024
 - duplcont.cc:30
20241121 21:31:58.524151 UTC 11822436 DEBUG [putItem] PUT key_71 value_71 Thu Nov 21 15:31:58 2024
 - duplcont.cc:86
20241121 21:31:58.525191 UTC 11822436 DEBUG [getItem] GET key_71 value_71 Thu Nov 21 15:31:58 2024
 - duplcont.cc:30
20241121 21:31:58.529496 UTC 11822436 DEBUG [putItem] PUT key_74 value_74 Thu Nov 21 15:31:58 2024
 - duplcont.cc:86
20241121 21:31:58.530436 UTC 11822436 DEBUG [getItem] GET key_74 value_74 Thu Nov 21 15:31:58 2024
 - duplcont.cc:30
20241121 21:31:58.532224 UTC 11822436 DEBUG [putItem] PUT key_75 value_75 Thu Nov 21 15:31:58 2024
 - duplcont.cc:86
20241121 21:31:58.532573 UTC 11822436 DEBUG [getItem] GET key_75 value_75 Thu Nov 21 15:31:58 2024
 - duplcont.cc:30
20241121 21:31:58.533807 UTC 11822436 DEBUG [getItem] GET key_76 value_not_found Thu Nov 21 15:31:58 2024
 - duplcont.cc:41
20241121 21:31:58.533958 UTC 11822436 DEBUG [putItem] PUT key_76 value_76 Thu Nov 21 15:31:58 2024
 - duplcont.cc:86
20241121 21:31:58.539488 UTC 11822436 DEBUG [putItem] PUT key_79 value_79 Thu Nov 21 15:31:58 2024
 - duplcont.cc:86
20241121 21:31:58.540208 UTC 11822436 DEBUG [getItem] GET key_79 value_79 Thu Nov 21 15:31:58 2024
 - duplcont.cc:30
20241121 21:31:58.543539 UTC 11822436 DEBUG [getItem] GET key_81 value_not_found Thu Nov 21 15:31:58 2024
 - duplcont.cc:41
20241121 21:31:58.543725 UTC 11822436 DEBUG [putItem] PUT key_81 value_81 Thu Nov 21 15:31:58 2024
 - duplcont.cc:86
20241121 21:31:58.547355 UTC 11822436 DEBUG [putItem] PUT key_84 value_84 Thu Nov 21 15:31:58 2024
 - duplcont.cc:86
20241121 21:31:58.548994 UTC 11822436 DEBUG [getItem] GET key_84 value_84 Thu Nov 21 15:31:58 2024
 - duplcont.cc:30
20241121 21:31:58.553013 UTC 11822436 DEBUG [putItem] PUT key_91 value_91 Thu Nov 21 15:31:58 2024
 - duplcont.cc:86
20241121 21:31:58.553978 UTC 11822436 DEBUG [getItem] GET key_91 value_91 Thu Nov 21 15:31:58 2024
 - duplcont.cc:30
20241121 21:31:58.555254 UTC 11822436 DEBUG [putItem] PUT key_92 value_92 Thu Nov 21 15:31:58 2024
 - duplcont.cc:86
20241121 21:31:58.556620 UTC 11822436 DEBUG [getItem] GET key_92 value_92 Thu Nov 21 15:31:58 2024
 - duplcont.cc:30
20241121 21:31:58.559272 UTC 11822436 DEBUG [putItem] PUT key_94 value_94 Thu Nov 21 15:31:58 2024
 - duplcont.cc:86
20241121 21:31:58.561994 UTC 11822436 DEBUG [getItem] GET key_94 value_94 Thu Nov 21 15:31:58 2024
 - duplcont.cc:30
20241121 21:31:58.562856 UTC 11822436 DEBUG [getItem] GET key_96 value_not_found Thu Nov 21 15:31:58 2024
 - duplcont.cc:41
20241121 21:31:58.562893 UTC 11822436 DEBUG [getItem] GET key_95 value_not_found Thu Nov 21 15:31:58 2024
 - duplcont.cc:41
20241121 21:31:58.562946 UTC 11822436 DEBUG [putItem] PUT key_95 value_95 Thu Nov 21 15:31:58 2024
 - duplcont.cc:86
20241121 21:31:58.563940 UTC 11822436 DEBUG [putItem] PUT key_96 value_96 Thu Nov 21 15:31:58 2024
 - duplcont.cc:86
20241121 21:31:58.568044 UTC 11822436 DEBUG [putItem] PUT key_100 value_100 Thu Nov 21 15:31:58 2024
 - duplcont.cc:86
20241121 21:31:58.569151 UTC 11822436 DEBUG [getItem] GET key_100 value_100 Thu Nov 21 15:31:58 2024
 - duplcont.cc:30
20241121 21:31:58.571217 UTC 11822436 DEBUG [putItem] PUT key_101 value_101 Thu Nov 21 15:31:58 2024
 - duplcont.cc:86
20241121 21:31:58.571239 UTC 11822436 DEBUG [putItem] PUT key_102 value_102 Thu Nov 21 15:31:58 2024
 - duplcont.cc:86
20241121 21:31:58.572066 UTC 11822436 DEBUG [getItem] GET key_101 value_101 Thu Nov 21 15:31:58 2024
 - duplcont.cc:30
20241121 21:31:58.573166 UTC 11822436 DEBUG [getItem] GET key_102 value_102 Thu Nov 21 15:31:58 2024
 - duplcont.cc:30
20241121 21:31:58.576065 UTC 11822436 DEBUG [putItem] PUT key_105 value_105 Thu Nov 21 15:31:58 2024
 - duplcont.cc:86
20241121 21:31:58.577718 UTC 11822436 DEBUG [getItem] GET key_105 value_105 Thu Nov 21 15:31:58 2024
 - duplcont.cc:30
20241121 21:31:58.580482 UTC 11822436 DEBUG [getItem] GET key_107 value_not_found Thu Nov 21 15:31:58 2024
 - duplcont.cc:41
20241121 21:31:58.580513 UTC 11822436 DEBUG [putItem] PUT key_107 value_107 Thu Nov 21 15:31:58 2024
 - duplcont.cc:86
20241121 21:31:58.583984 UTC 11822436 DEBUG [putItem] PUT key_109 value_109 Thu Nov 21 15:31:58 2024
 - duplcont.cc:86
20241121 21:31:58.585160 UTC 11822436 DEBUG [getItem] GET key_109 value_109 Thu Nov 21 15:31:58 2024
 - duplcont.cc:30
20241121 21:31:58.586362 UTC 11822436 DEBUG [putItem] PUT key_110 value_110 Thu Nov 21 15:31:58 2024
 - duplcont.cc:86
20241121 21:31:58.588799 UTC 11822436 DEBUG [getItem] GET key_110 value_110 Thu Nov 21 15:31:58 2024
 - duplcont.cc:30
20241121 21:31:58.591610 UTC 11822436 DEBUG [putItem] PUT key_113 value_113 Thu Nov 21 15:31:58 2024
 - duplcont.cc:86
20241121 21:31:58.592463 UTC 11822436 DEBUG [getItem] GET key_113 value_113 Thu Nov 21 15:31:58 2024
 - duplcont.cc:30
20241121 21:31:58.594884 UTC 11822436 DEBUG [putItem] PUT key_115 value_115 Thu Nov 21 15:31:58 2024
 - duplcont.cc:86
20241121 21:31:58.595971 UTC 11822436 DEBUG [getItem] GET key_115 value_115 Thu Nov 21 15:31:58 2024
 - duplcont.cc:30
20241121 21:31:58.597006 UTC 11822436 DEBUG [putItem] PUT key_116 value_116 Thu Nov 21 15:31:58 2024
 - duplcont.cc:86
20241121 21:31:58.598722 UTC 11822436 DEBUG [getItem] GET key_116 value_116 Thu Nov 21 15:31:58 2024
 - duplcont.cc:30
20241121 21:31:58.600786 UTC 11822436 DEBUG [putItem] PUT key_118 value_118 Thu Nov 21 15:31:58 2024
 - duplcont.cc:86
20241121 21:31:58.602516 UTC 11822436 DEBUG [getItem] GET key_118 value_118 Thu Nov 21 15:31:58 2024
 - duplcont.cc:30
20241121 21:31:58.602545 UTC 11822436 DEBUG [putItem] PUT key_119 value_119 Thu Nov 21 15:31:58 2024
 - duplcont.cc:86
20241121 21:31:58.603486 UTC 11822436 DEBUG [getItem] GET key_119 value_119 Thu Nov 21 15:31:58 2024
 - duplcont.cc:30
20241121 21:31:58.604873 UTC 11822436 DEBUG [putItem] PUT key_120 value_120 Thu Nov 21 15:31:58 2024
 - duplcont.cc:86
20241121 21:31:58.606095 UTC 11822436 DEBUG [getItem] GET key_120 value_120 Thu Nov 21 15:31:58 2024
 - duplcont.cc:30
20241121 21:31:58.609220 UTC 11822436 DEBUG [putItem] PUT key_122 value_122 Thu Nov 21 15:31:58 2024
 - duplcont.cc:86
20241121 21:31:58.610189 UTC 11822436 DEBUG [getItem] GET key_122 value_122 Thu Nov 21 15:31:58 2024
 - duplcont.cc:30
20241121 21:31:58.615521 UTC 11822436 DEBUG [putItem] PUT key_127 value_127 Thu Nov 21 15:31:58 2024
 - duplcont.cc:86
20241121 21:31:58.615541 UTC 11822436 DEBUG [getItem] GET key_127 value_127 Thu Nov 21 15:31:58 2024
 - duplcont.cc:30
20241121 21:31:58.616527 UTC 11822436 DEBUG [putItem] PUT key_128 value_128 Thu Nov 21 15:31:58 2024
 - duplcont.cc:86
20241121 21:31:58.618242 UTC 11822436 DEBUG [getItem] GET key_128 value_128 Thu Nov 21 15:31:58 2024
 - duplcont.cc:30
20241121 21:31:58.624827 UTC 11822436 DEBUG [putItem] PUT key_133 value_133 Thu Nov 21 15:31:58 2024
 - duplcont.cc:86
20241121 21:31:58.627578 UTC 11822436 DEBUG [getItem] GET key_133 value_133 Thu Nov 21 15:31:58 2024
 - duplcont.cc:30
20241121 21:31:58.629606 UTC 11822436 DEBUG [putItem] PUT key_135 value_135 Thu Nov 21 15:31:58 2024
 - duplcont.cc:86
20241121 21:31:58.630432 UTC 11822436 DEBUG [getItem] GET key_135 value_135 Thu Nov 21 15:31:58 2024
 - duplcont.cc:30
20241121 21:31:58.634536 UTC 11822436 DEBUG [putItem] PUT key_137 value_137 Thu Nov 21 15:31:58 2024
 - duplcont.cc:86
20241121 21:31:58.634556 UTC 11822436 DEBUG [getItem] GET key_137 value_137 Thu Nov 21 15:31:58 2024
 - duplcont.cc:30
20241121 21:31:58.634574 UTC 11822436 DEBUG [putItem] PUT key_138 value_138 Thu Nov 21 15:31:58 2024
 - duplcont.cc:86
20241121 21:31:58.636496 UTC 11822436 DEBUG [getItem] GET key_138 value_138 Thu Nov 21 15:31:58 2024
 - duplcont.cc:30
20241121 21:31:58.639028 UTC 11822436 DEBUG [putItem] PUT key_140 value_140 Thu Nov 21 15:31:58 2024
 - duplcont.cc:86
20241121 21:31:58.640107 UTC 11822436 DEBUG [getItem] GET key_140 value_140 Thu Nov 21 15:31:58 2024
 - duplcont.cc:30
20241121 21:31:58.644513 UTC 11822436 DEBUG [putItem] PUT key_142 value_142 Thu Nov 21 15:31:58 2024
 - duplcont.cc:86
20241121 21:31:58.644534 UTC 11822436 DEBUG [getItem] GET key_142 value_142 Thu Nov 21 15:31:58 2024
 - duplcont.cc:30
20241121 21:31:58.647131 UTC 11822436 DEBUG [getItem] GET key_145 value_not_found Thu Nov 21 15:31:58 2024
 - duplcont.cc:41
20241121 21:31:58.647218 UTC 11822436 DEBUG [putItem] PUT key_145 value_145 Thu Nov 21 15:31:58 2024
 - duplcont.cc:86
20241121 21:31:58.649713 UTC 11822436 DEBUG [putItem] PUT key_149 value_149 Thu Nov 21 15:31:58 2024
 - duplcont.cc:86
20241121 21:31:58.650621 UTC 11822436 DEBUG [getItem] GET key_149 value_149 Thu Nov 21 15:31:58 2024
 - duplcont.cc:30
20241121 21:31:58.652423 UTC 11822436 DEBUG [putItem] PUT key_150 value_150 Thu Nov 21 15:31:58 2024
 - duplcont.cc:86
20241121 21:31:58.653318 UTC 11822436 DEBUG [getItem] GET key_150 value_150 Thu Nov 21 15:31:58 2024
 - duplcont.cc:30
20241121 21:31:58.655263 UTC 11822436 DEBUG [putItem] PUT key_153 value_153 Thu Nov 21 15:31:58 2024
 - duplcont.cc:86
20241121 21:31:58.655285 UTC 11822436 DEBUG [getItem] GET key_153 value_153 Thu Nov 21 15:31:58 2024
 - duplcont.cc:30
20241121 21:31:58.657527 UTC 11822436 DEBUG [putItem] PUT key_154 value_154 Thu Nov 21 15:31:58 2024
 - duplcont.cc:86
20241121 21:31:58.659101 UTC 11822436 DEBUG [getItem] GET key_154 value_154 Thu Nov 21 15:31:58 2024
 - duplcont.cc:30
20241121 21:31:58.659753 UTC 11822436 DEBUG [putItem] PUT key_155 value_155 Thu Nov 21 15:31:58 2024
 - duplcont.cc:86
20241121 21:31:58.661775 UTC 11822436 DEBUG [getItem] GET key_155 value_155 Thu Nov 21 15:31:58 2024
 - duplcont.cc:30
20241121 21:31:58.663606 UTC 11822436 DEBUG [putItem] PUT key_157 value_157 Thu Nov 21 15:31:58 2024
 - duplcont.cc:86
20241121 21:31:58.664453 UTC 11822436 DEBUG [getItem] GET key_157 value_157 Thu Nov 21 15:31:58 2024
 - duplcont.cc:30
20241121 21:31:58.666806 UTC 11822436 DEBUG [putItem] PUT key_159 value_159 Thu Nov 21 15:31:58 2024
 - duplcont.cc:86
20241121 21:31:58.666880 UTC 11822436 DEBUG [getItem] GET key_159 value_159 Thu Nov 21 15:31:58 2024
 - duplcont.cc:30
20241121 21:31:58.669776 UTC 11822436 DEBUG [getItem] GET key_164 value_not_found Thu Nov 21 15:31:58 2024
 - duplcont.cc:41
20241121 21:31:58.669803 UTC 11822436 DEBUG [putItem] PUT key_164 value_164 Thu Nov 21 15:31:58 2024
 - duplcont.cc:86
20241121 21:31:58.672735 UTC 11822436 DEBUG [putItem] PUT key_165 value_165 Thu Nov 21 15:31:58 2024
 - duplcont.cc:86
20241121 21:31:58.673975 UTC 11822436 DEBUG [getItem] GET key_165 value_165 Thu Nov 21 15:31:58 2024
 - duplcont.cc:30
20241121 21:31:58.676640 UTC 11822436 DEBUG [putItem] PUT key_167 value_167 Thu Nov 21 15:31:58 2024
 - duplcont.cc:86
20241121 21:31:58.678367 UTC 11822436 DEBUG [getItem] GET key_167 value_167 Thu Nov 21 15:31:58 2024
 - duplcont.cc:30
20241121 21:31:58.681552 UTC 11822436 DEBUG [putItem] PUT key_169 value_169 Thu Nov 21 15:31:58 2024
 - duplcont.cc:86
20241121 21:31:58.681575 UTC 11822436 DEBUG [getItem] GET key_169 value_169 Thu Nov 21 15:31:58 2024
 - duplcont.cc:30
20241121 21:31:58.687665 UTC 11822436 DEBUG [getItem] GET key_172 value_not_found Thu Nov 21 15:31:58 2024
 - duplcont.cc:41
20241121 21:31:58.687700 UTC 11822436 DEBUG [putItem] PUT key_173 value_173 Thu Nov 21 15:31:58 2024
 - duplcont.cc:86
20241121 21:31:58.687715 UTC 11822436 DEBUG [putItem] PUT key_172 value_172 Thu Nov 21 15:31:58 2024
 - duplcont.cc:86
20241121 21:31:58.687727 UTC 11822436 DEBUG [getItem] GET key_173 value_173 Thu Nov 21 15:31:58 2024
 - duplcont.cc:30
20241121 21:31:58.691124 UTC 11822436 DEBUG [getItem] GET key_174 value_not_found Thu Nov 21 15:31:58 2024
 - duplcont.cc:41
20241121 21:31:58.691179 UTC 11822436 DEBUG [putItem] PUT key_174 value_174 Thu Nov 21 15:31:58 2024
 - duplcont.cc:86
20241121 21:31:58.693140 UTC 11822436 DEBUG [putItem] PUT key_176 value_176 Thu Nov 21 15:31:58 2024
 - duplcont.cc:86
20241121 21:31:58.693991 UTC 11822436 DEBUG [getItem] GET key_176 value_176 Thu Nov 21 15:31:58 2024
 - duplcont.cc:30
20241121 21:31:58.696357 UTC 11822436 DEBUG [putItem] PUT key_177 value_177 Thu Nov 21 15:31:58 2024
 - duplcont.cc:86
20241121 21:31:58.696425 UTC 11822436 DEBUG [getItem] GET key_177 value_177 Thu Nov 21 15:31:58 2024
 - duplcont.cc:30
20241121 21:31:58.700266 UTC 11822436 DEBUG [putItem] PUT key_180 value_180 Thu Nov 21 15:31:58 2024
 - duplcont.cc:86
20241121 21:31:58.700287 UTC 11822436 DEBUG [getItem] GET key_180 value_180 Thu Nov 21 15:31:58 2024
 - duplcont.cc:30
20241121 21:31:58.704757 UTC 11822436 DEBUG [putItem] PUT key_183 value_183 Thu Nov 21 15:31:58 2024
 - duplcont.cc:86
20241121 21:31:58.704782 UTC 11822436 DEBUG [getItem] GET key_183 value_183 Thu Nov 21 15:31:58 2024
 - duplcont.cc:30
20241121 21:31:58.704795 UTC 11822436 DEBUG [getItem] GET key_184 value_not_found Thu Nov 21 15:31:58 2024
 - duplcont.cc:41
20241121 21:31:58.705559 UTC 11822436 DEBUG [putItem] PUT key_184 value_184 Thu Nov 21 15:31:58 2024
 - duplcont.cc:86
20241121 21:31:58.709927 UTC 11822436 DEBUG [putItem] PUT key_186 value_186 Thu Nov 21 15:31:58 2024
 - duplcont.cc:86
20241121 21:31:58.709948 UTC 11822436 DEBUG [getItem] GET key_186 value_186 Thu Nov 21 15:31:58 2024
 - duplcont.cc:30
20241121 21:31:58.709964 UTC 11822436 DEBUG [getItem] GET key_187 value_not_found Thu Nov 21 15:31:58 2024
 - duplcont.cc:41
20241121 21:31:58.710802 UTC 11822436 DEBUG [putItem] PUT key_187 value_187 Thu Nov 21 15:31:58 2024
 - duplcont.cc:86
20241121 21:31:58.715298 UTC 11822436 DEBUG [putItem] PUT key_191 value_191 Thu Nov 21 15:31:58 2024
 - duplcont.cc:86
20241121 21:31:58.715812 UTC 11822436 DEBUG [getItem] GET key_191 value_191 Thu Nov 21 15:31:58 2024
 - duplcont.cc:30
20241121 21:31:58.721860 UTC 11822436 DEBUG [putItem] PUT key_195 value_195 Thu Nov 21 15:31:58 2024
 - duplcont.cc:86
20241121 21:31:58.722676 UTC 11822436 DEBUG [getItem] GET key_195 value_195 Thu Nov 21 15:31:58 2024
 - duplcont.cc:30
20241121 21:31:58.724384 UTC 11822436 DEBUG [putItem] PUT key_196 value_196 Thu Nov 21 15:31:58 2024
 - duplcont.cc:86
20241121 21:31:58.724402 UTC 11822436 DEBUG [getItem] GET key_196 value_196 Thu Nov 21 15:31:58 2024
 - duplcont.cc:30
20241121 21:31:58.726770 UTC 11822436 DEBUG [getItem] GET key_198 value_not_found Thu Nov 21 15:31:58 2024
 - duplcont.cc:41
20241121 21:31:58.726796 UTC 11822436 DEBUG [putItem] PUT key_198 value_198 Thu Nov 21 15:31:58 2024
 - duplcont.cc:86
20241121 21:31:58.726811 UTC 11822436 DEBUG [putItem] PUT key_199 value_199 Thu Nov 21 15:31:58 2024
 - duplcont.cc:86
20241121 21:31:58.727609 UTC 11822436 DEBUG [getItem] GET key_199 value_199 Thu Nov 21 15:31:58 2024
 - duplcont.cc:30
20241121 21:31:58.729998 UTC 11822436 DEBUG [getItem] GET key_200 value_not_found Thu Nov 21 15:31:58 2024
 - duplcont.cc:41
20241121 21:31:58.730027 UTC 11822436 DEBUG [putItem] PUT key_200 value_200 Thu Nov 21 15:31:58 2024
 - duplcont.cc:86
20241121 21:31:58.732791 UTC 11822436 DEBUG [getItem] GET key_202 value_not_found Thu Nov 21 15:31:58 2024
 - duplcont.cc:41
20241121 21:31:58.732816 UTC 11822436 DEBUG [putItem] PUT key_202 value_202 Thu Nov 21 15:31:58 2024
 - duplcont.cc:86
20241121 21:31:58.736387 UTC 11822436 DEBUG [putItem] PUT key_204 value_204 Thu Nov 21 15:31:58 2024
 - duplcont.cc:86
20241121 21:31:58.736409 UTC 11822436 DEBUG [getItem] GET key_204 value_204 Thu Nov 21 15:31:58 2024
 - duplcont.cc:30
20241121 21:31:58.739338 UTC 11822436 DEBUG [putItem] PUT key_205 value_205 Thu Nov 21 15:31:58 2024
 - duplcont.cc:86
20241121 21:31:58.739360 UTC 11822436 DEBUG [getItem] GET key_205 value_205 Thu Nov 21 15:31:58 2024
 - duplcont.cc:30
20241121 21:31:58.742070 UTC 11822436 DEBUG [putItem] PUT key_208 value_208 Thu Nov 21 15:31:58 2024
 - duplcont.cc:86
20241121 21:31:58.742093 UTC 11822436 DEBUG [getItem] GET key_208 value_208 Thu Nov 21 15:31:58 2024
 - duplcont.cc:30
20241121 21:31:58.748034 UTC 11822436 DEBUG [putItem] PUT key_212 value_212 Thu Nov 21 15:31:58 2024
 - duplcont.cc:86
20241121 21:31:58.748900 UTC 11822436 DEBUG [getItem] GET key_212 value_212 Thu Nov 21 15:31:58 2024
 - duplcont.cc:30
20241121 21:31:58.750620 UTC 11822436 DEBUG [putItem] PUT key_213 value_213 Thu Nov 21 15:31:58 2024
 - duplcont.cc:86
20241121 21:31:58.750695 UTC 11822436 DEBUG [getItem] GET key_213 value_213 Thu Nov 21 15:31:58 2024
 - duplcont.cc:30
20241121 21:31:58.751561 UTC 11822436 DEBUG [putItem] PUT key_214 value_214 Thu Nov 21 15:31:58 2024
 - duplcont.cc:86
20241121 21:31:58.753211 UTC 11822436 DEBUG [getItem] GET key_214 value_214 Thu Nov 21 15:31:58 2024
 - duplcont.cc:30
20241121 21:31:58.756609 UTC 11822436 DEBUG [putItem] PUT key_216 value_216 Thu Nov 21 15:31:58 2024
 - duplcont.cc:86
20241121 21:31:58.756631 UTC 11822436 DEBUG [getItem] GET key_216 value_216 Thu Nov 21 15:31:58 2024
 - duplcont.cc:30
20241121 21:31:58.758489 UTC 11822436 DEBUG [putItem] PUT key_218 value_218 Thu Nov 21 15:31:58 2024
 - duplcont.cc:86
20241121 21:31:58.759376 UTC 11822436 DEBUG [getItem] GET key_218 value_218 Thu Nov 21 15:31:58 2024
 - duplcont.cc:30
20241121 21:31:58.759590 UTC 11822436 DEBUG [putItem] PUT key_219 value_219 Thu Nov 21 15:31:58 2024
 - duplcont.cc:86
20241121 21:31:58.762987 UTC 11822436 DEBUG [getItem] GET key_219 value_219 Thu Nov 21 15:31:58 2024
 - duplcont.cc:30
20241121 21:31:58.766426 UTC 11822436 DEBUG [getItem] GET key_221 value_not_found Thu Nov 21 15:31:58 2024
 - duplcont.cc:41
20241121 21:31:58.766455 UTC 11822436 DEBUG [putItem] PUT key_221 value_221 Thu Nov 21 15:31:58 2024
 - duplcont.cc:86
20241121 21:31:58.773790 UTC 11822436 DEBUG [getItem] GET key_225 value_not_found Thu Nov 21 15:31:58 2024
 - duplcont.cc:41
20241121 21:31:58.773818 UTC 11822436 DEBUG [putItem] PUT key_225 value_225 Thu Nov 21 15:31:58 2024
 - duplcont.cc:86
20241121 21:31:58.779054 UTC 11822436 DEBUG [putItem] PUT key_228 value_228 Thu Nov 21 15:31:58 2024
 - duplcont.cc:86
20241121 21:31:58.780712 UTC 11822436 DEBUG [getItem] GET key_228 value_228 Thu Nov 21 15:31:58 2024
 - duplcont.cc:30
20241121 21:31:58.783023 UTC 11822436 DEBUG [getItem] GET key_232 value_not_found Thu Nov 21 15:31:58 2024
 - duplcont.cc:41
20241121 21:31:58.783049 UTC 11822436 DEBUG [putItem] PUT key_232 value_232 Thu Nov 21 15:31:58 2024
 - duplcont.cc:86
20241121 21:31:58.783970 UTC 11822436 DEBUG [putItem] PUT key_234 value_234 Thu Nov 21 15:31:58 2024
 - duplcont.cc:86
20241121 21:31:58.784900 UTC 11822436 DEBUG [getItem] GET key_234 value_234 Thu Nov 21 15:31:58 2024
 - duplcont.cc:30
20241121 21:31:58.785743 UTC 11822436 DEBUG [putItem] PUT key_235 value_235 Thu Nov 21 15:31:58 2024
 - duplcont.cc:86
20241121 21:31:58.785808 UTC 11822436 DEBUG [getItem] GET key_235 value_235 Thu Nov 21 15:31:58 2024
 - duplcont.cc:30
20241121 21:31:58.788043 UTC 11822436 DEBUG [putItem] PUT key_237 value_237 Thu Nov 21 15:31:58 2024
 - duplcont.cc:86
20241121 21:31:58.788991 UTC 11822436 DEBUG [getItem] GET key_237 value_237 Thu Nov 21 15:31:58 2024
 - duplcont.cc:30
20241121 21:31:58.790889 UTC 11822436 DEBUG [getItem] GET key_238 value_not_found Thu Nov 21 15:31:58 2024
 - duplcont.cc:41
20241121 21:31:58.791551 UTC 11822436 DEBUG [putItem] PUT key_238 value_238 Thu Nov 21 15:31:58 2024
 - duplcont.cc:86
20241121 21:31:58.791682 UTC 11822436 DEBUG [putItem] PUT key_239 value_239 Thu Nov 21 15:31:58 2024
 - duplcont.cc:86
20241121 21:31:58.792936 UTC 11822436 DEBUG [getItem] GET key_239 value_239 Thu Nov 21 15:31:58 2024
 - duplcont.cc:30
20241121 21:31:58.797833 UTC 11822436 DEBUG [putItem] PUT key_243 value_243 Thu Nov 21 15:31:58 2024
 - duplcont.cc:86
20241121 21:31:58.798668 UTC 11822436 DEBUG [getItem] GET key_243 value_243 Thu Nov 21 15:31:58 2024
 - duplcont.cc:30
20241121 21:31:58.805086 UTC 11822436 DEBUG [putItem] PUT key_249 value_249 Thu Nov 21 15:31:58 2024
 - duplcont.cc:86
20241121 21:31:58.805988 UTC 11822436 DEBUG [getItem] GET key_249 value_249 Thu Nov 21 15:31:58 2024
 - duplcont.cc:30
20241121 21:31:58.806073 UTC 11822436 DEBUG [putItem] PUT key_250 value_250 Thu Nov 21 15:31:58 2024
 - duplcont.cc:86
20241121 21:31:58.806914 UTC 11822436 DEBUG [getItem] GET key_250 value_250 Thu Nov 21 15:31:58 2024
 - duplcont.cc:30
20241121 21:31:58.807803 UTC 11822436 DEBUG [putItem] PUT key_251 value_251 Thu Nov 21 15:31:58 2024
 - duplcont.cc:86
20241121 21:31:58.809351 UTC 11822436 DEBUG [getItem] GET key_251 value_251 Thu Nov 21 15:31:58 2024
 - duplcont.cc:30
20241121 21:31:58.811895 UTC 11822436 DEBUG [putItem] PUT key_253 value_253 Thu Nov 21 15:31:58 2024
 - duplcont.cc:86
20241121 21:31:58.811916 UTC 11822436 DEBUG [getItem] GET key_253 value_253 Thu Nov 21 15:31:58 2024
 - duplcont.cc:30
20241121 21:31:58.814309 UTC 11822436 DEBUG [putItem] PUT key_255 value_255 Thu Nov 21 15:31:58 2024
 - duplcont.cc:86
20241121 21:31:58.815084 UTC 11822436 DEBUG [getItem] GET key_255 value_255 Thu Nov 21 15:31:58 2024
 - duplcont.cc:30
20241121 21:31:58.815950 UTC 11822436 DEBUG [putItem] PUT key_256 value_256 Thu Nov 21 15:31:58 2024
 - duplcont.cc:86
20241121 21:31:58.817601 UTC 11822436 DEBUG [getItem] GET key_256 value_256 Thu Nov 21 15:31:58 2024
 - duplcont.cc:30
20241121 21:31:58.817626 UTC 11822436 DEBUG [putItem] PUT key_257 value_257 Thu Nov 21 15:31:58 2024
 - duplcont.cc:86
20241121 21:31:58.818554 UTC 11822436 DEBUG [getItem] GET key_257 value_257 Thu Nov 21 15:31:58 2024
 - duplcont.cc:30
20241121 21:31:58.820073 UTC 11822436 DEBUG [getItem] GET key_258 value_not_found Thu Nov 21 15:31:58 2024
 - duplcont.cc:41
20241121 21:31:58.820098 UTC 11822436 DEBUG [putItem] PUT key_258 value_258 Thu Nov 21 15:31:58 2024
 - duplcont.cc:86
20241121 21:31:58.823527 UTC 11822436 DEBUG [putItem] PUT key_260 value_260 Thu Nov 21 15:31:58 2024
 - duplcont.cc:86
20241121 21:31:58.823546 UTC 11822436 DEBUG [getItem] GET key_260 value_260 Thu Nov 21 15:31:58 2024
 - duplcont.cc:30
20241121 21:31:58.823561 UTC 11822436 DEBUG [putItem] PUT key_261 value_261 Thu Nov 21 15:31:58 2024
 - duplcont.cc:86
20241121 21:31:58.826020 UTC 11822436 DEBUG [getItem] GET key_261 value_261 Thu Nov 21 15:31:58 2024
 - duplcont.cc:30
20241121 21:31:58.828809 UTC 11822436 DEBUG [getItem] GET key_263 value_not_found Thu Nov 21 15:31:58 2024
 - duplcont.cc:41
20241121 21:31:58.828843 UTC 11822436 DEBUG [putItem] PUT key_263 value_263 Thu Nov 21 15:31:58 2024
 - duplcont.cc:86
20241121 21:31:58.829757 UTC 11822436 DEBUG [putItem] PUT key_264 value_264 Thu Nov 21 15:31:58 2024
 - duplcont.cc:86
20241121 21:31:58.830633 UTC 11822436 DEBUG [getItem] GET key_264 value_264 Thu Nov 21 15:31:58 2024
 - duplcont.cc:30
20241121 21:31:58.833034 UTC 11822436 DEBUG [putItem] PUT key_265 value_265 Thu Nov 21 15:31:58 2024
 - duplcont.cc:86
20241121 21:31:58.833051 UTC 11822436 DEBUG [getItem] GET key_265 value_265 Thu Nov 21 15:31:58 2024
 - duplcont.cc:30
20241121 21:31:58.834750 UTC 11822436 DEBUG [putItem] PUT key_268 value_268 Thu Nov 21 15:31:58 2024
 - duplcont.cc:86
20241121 21:31:58.835568 UTC 11822436 DEBUG [getItem] GET key_268 value_268 Thu Nov 21 15:31:58 2024
 - duplcont.cc:30
20241121 21:31:58.837430 UTC 11822436 DEBUG [putItem] PUT key_269 value_269 Thu Nov 21 15:31:58 2024
 - duplcont.cc:86
20241121 21:31:58.837453 UTC 11822436 DEBUG [getItem] GET key_269 value_269 Thu Nov 21 15:31:58 2024
 - duplcont.cc:30
20241121 21:31:58.841239 UTC 11822436 DEBUG [putItem] PUT key_271 value_271 Thu Nov 21 15:31:58 2024
 - duplcont.cc:86
20241121 21:31:58.841262 UTC 11822436 DEBUG [getItem] GET key_271 value_271 Thu Nov 21 15:31:58 2024
 - duplcont.cc:30
20241121 21:31:58.848980 UTC 11822436 DEBUG [getItem] GET key_277 value_not_found Thu Nov 21 15:31:58 2024
 - duplcont.cc:41
20241121 21:31:58.849004 UTC 11822436 DEBUG [putItem] PUT key_277 value_277 Thu Nov 21 15:31:58 2024
 - duplcont.cc:86
20241121 21:31:58.857362 UTC 11822436 DEBUG [getItem] GET key_283 value_not_found Thu Nov 21 15:31:58 2024
 - duplcont.cc:41
20241121 21:31:58.857393 UTC 11822436 DEBUG [putItem] PUT key_283 value_283 Thu Nov 21 15:31:58 2024
 - duplcont.cc:86
20241121 21:31:58.857410 UTC 11822436 DEBUG [putItem] PUT key_284 value_284 Thu Nov 21 15:31:58 2024
 - duplcont.cc:86
20241121 21:31:58.858445 UTC 11822436 DEBUG [getItem] GET key_284 value_284 Thu Nov 21 15:31:58 2024
 - duplcont.cc:30
20241121 21:31:58.859848 UTC 11822436 DEBUG [putItem] PUT key_285 value_285 Thu Nov 21 15:31:58 2024
 - duplcont.cc:86
20241121 21:31:58.863063 UTC 11822436 DEBUG [getItem] GET key_285 value_285 Thu Nov 21 15:31:58 2024
 - duplcont.cc:30
20241121 21:31:58.863147 UTC 11822436 DEBUG [putItem] PUT key_286 value_286 Thu Nov 21 15:31:58 2024
 - duplcont.cc:86
20241121 21:31:58.863928 UTC 11822436 DEBUG [getItem] GET key_286 value_286 Thu Nov 21 15:31:58 2024
 - duplcont.cc:30
20241121 21:31:58.864345 UTC 11822436 DEBUG [putItem] PUT key_287 value_287 Thu Nov 21 15:31:58 2024
 - duplcont.cc:86
20241121 21:31:58.864936 UTC 11822436 DEBUG [getItem] GET key_287 value_287 Thu Nov 21 15:31:58 2024
 - duplcont.cc:30
20241121 21:31:58.868836 UTC 11822436 DEBUG [putItem] PUT key_293 value_293 Thu Nov 21 15:31:58 2024
 - duplcont.cc:86
20241121 21:31:58.870561 UTC 11822436 DEBUG [putItem] PUT key_294 value_294 Thu Nov 21 15:31:58 2024
 - duplcont.cc:86
20241121 21:31:58.871383 UTC 11822436 DEBUG [getItem] GET key_293 value_293 Thu Nov 21 15:31:58 2024
 - duplcont.cc:30
20241121 21:31:58.872307 UTC 11822436 DEBUG [getItem] GET key_294 value_294 Thu Nov 21 15:31:58 2024
 - duplcont.cc:30
20241121 21:31:58.876701 UTC 11822436 DEBUG [putItem] PUT key_296 value_296 Thu Nov 21 15:31:58 2024
 - duplcont.cc:86
20241121 21:31:58.877199 UTC 11822436 DEBUG [putItem] PUT key_298 value_298 Thu Nov 21 15:31:58 2024
 - duplcont.cc:86
20241121 21:31:58.878345 UTC 11822436 DEBUG [getItem] GET key_296 value_296 Thu Nov 21 15:31:58 2024
 - duplcont.cc:30
20241121 21:31:58.879547 UTC 11822436 DEBUG [getItem] GET key_298 value_298 Thu Nov 21 15:31:58 2024
 - duplcont.cc:30
20241121 21:32:26.385311 UTC 11822429 WARN  SIGINT signal received. - HttpAppFrameworkImpl.cc:177
